Startpoint: instr_rdata_i[16] (input port clocked by clk)
Endpoint: id_jump_target_o[31] (output port clocked by clk)
Path Group: in2out
Path Type: max

  Delay    Time   Description
---------------------------------------------------------
   0.00    0.00   clock clk (rise edge)
   0.00    0.00   clock network delay (ideal)
   0.50    0.50 v input external delay
   0.00    0.50 v instr_rdata_i[16] (in)
   2.89    3.39 ^ _22971_/X (sky130_fd_sc_hd__lpflow_isobufsrc_1)
   0.41    3.80 v _23777_/Y (sky130_fd_sc_hd__a221oi_1)
   0.25    4.05 ^ _23778_/Y (sky130_fd_sc_hd__a21oi_1)
   0.10    4.15 v _23786_/Y (sky130_fd_sc_hd__o22ai_1)
   0.39    4.54 ^ _23787_/Y (sky130_fd_sc_hd__a211oi_1)
   0.13    4.67 v _17950_/Y (sky130_fd_sc_hd__nand2_1)
   0.34    5.01 ^ _17953_/Y (sky130_fd_sc_hd__o21ai_0)
   0.15    5.16 v _17957_/Y (sky130_fd_sc_hd__a211oi_1)
   0.32    5.48 ^ _18021_/Y (sky130_fd_sc_hd__o31ai_1)
   0.28    5.76 ^ _18024_/X (sky130_fd_sc_hd__maj3_1)
   0.21    5.97 ^ _18026_/X (sky130_fd_sc_hd__maj3_1)
   0.11    6.08 v _18029_/Y (sky130_fd_sc_hd__a21oi_1)
   0.24    6.32 v _18031_/X (sky130_fd_sc_hd__o211a_1)
   0.35    6.67 ^ _18075_/Y (sky130_fd_sc_hd__o31ai_1)
   0.20    6.87 v _18189_/Y (sky130_fd_sc_hd__o2111ai_1)
   0.35    7.23 ^ _18194_/Y (sky130_fd_sc_hd__o31ai_1)
   0.28    7.50 ^ _18203_/X (sky130_fd_sc_hd__and4b_1)
   0.18    7.69 ^ _18215_/X (sky130_fd_sc_hd__o21a_1)
   0.17    7.86 v _18351_/Y (sky130_fd_sc_hd__o2111ai_1)
   0.59    8.45 ^ _18357_/Y (sky130_fd_sc_hd__a2111oi_0)
   0.20    8.65 ^ _18358_/X (sky130_fd_sc_hd__lpflow_inputiso1p_1)
   0.15    8.79 ^ _18362_/X (sky130_fd_sc_hd__and3_1)
   0.06    8.85 v _18364_/Y (sky130_fd_sc_hd__nor3_1)
   0.34    9.19 v _18374_/X (sky130_fd_sc_hd__or3_1)
   0.00    9.19 v id_jump_target_o[31] (out)
           9.19   data arrival time

   5.00    5.00   clock clk (rise edge)
   0.00    5.00   clock network delay (ideal)
   0.00    5.00   clock reconvergence pessimism
  -0.50    4.50   output external delay
           4.50   data required time
---------------------------------------------------------
           4.50   data required time
          -9.19   data arrival time
---------------------------------------------------------
          -4.69   slack (VIOLATED)


Startpoint: instr_rdata_i[16] (input port clocked by clk)
Endpoint: id_jump_target_o[30] (output port clocked by clk)
Path Group: in2out
Path Type: max

  Delay    Time   Description
---------------------------------------------------------
   0.00    0.00   clock clk (rise edge)
   0.00    0.00   clock network delay (ideal)
   0.50    0.50 v input external delay
   0.00    0.50 v instr_rdata_i[16] (in)
   2.89    3.39 ^ _22971_/X (sky130_fd_sc_hd__lpflow_isobufsrc_1)
   0.41    3.80 v _23777_/Y (sky130_fd_sc_hd__a221oi_1)
   0.25    4.05 ^ _23778_/Y (sky130_fd_sc_hd__a21oi_1)
   0.10    4.15 v _23786_/Y (sky130_fd_sc_hd__o22ai_1)
   0.39    4.54 ^ _23787_/Y (sky130_fd_sc_hd__a211oi_1)
   0.13    4.67 v _17950_/Y (sky130_fd_sc_hd__nand2_1)
   0.34    5.01 ^ _17953_/Y (sky130_fd_sc_hd__o21ai_0)
   0.15    5.16 v _17957_/Y (sky130_fd_sc_hd__a211oi_1)
   0.32    5.48 ^ _18021_/Y (sky130_fd_sc_hd__o31ai_1)
   0.28    5.76 ^ _18024_/X (sky130_fd_sc_hd__maj3_1)
   0.21    5.97 ^ _18026_/X (sky130_fd_sc_hd__maj3_1)
   0.11    6.08 v _18029_/Y (sky130_fd_sc_hd__a21oi_1)
   0.24    6.32 v _18031_/X (sky130_fd_sc_hd__o211a_1)
   0.35    6.67 ^ _18075_/Y (sky130_fd_sc_hd__o31ai_1)
   0.20    6.87 v _18189_/Y (sky130_fd_sc_hd__o2111ai_1)
   0.35    7.23 ^ _18194_/Y (sky130_fd_sc_hd__o31ai_1)
   0.28    7.50 ^ _18203_/X (sky130_fd_sc_hd__and4b_1)
   0.18    7.69 ^ _18215_/X (sky130_fd_sc_hd__o21a_1)
   0.17    7.86 v _18351_/Y (sky130_fd_sc_hd__o2111ai_1)
   0.59    8.45 ^ _18357_/Y (sky130_fd_sc_hd__a2111oi_0)
   0.08    8.53 v _18376_/Y (sky130_fd_sc_hd__a31oi_1)
   0.25    8.78 v _18377_/X (sky130_fd_sc_hd__o221a_1)
   0.26    9.04 v _18380_/X (sky130_fd_sc_hd__a211o_1)
   0.00    9.04 v id_jump_target_o[30] (out)
           9.04   data arrival time

   5.00    5.00   clock clk (rise edge)
   0.00    5.00   clock network delay (ideal)
   0.00    5.00   clock reconvergence pessimism
  -0.50    4.50   output external delay
           4.50   data required time
---------------------------------------------------------
           4.50   data required time
          -9.04   data arrival time
---------------------------------------------------------
          -4.54   slack (VIOLATED)


Startpoint: instr_rdata_i[16] (input port clocked by clk)
Endpoint: id_jump_target_o[28] (output port clocked by clk)
Path Group: in2out
Path Type: max

  Delay    Time   Description
---------------------------------------------------------
   0.00    0.00   clock clk (rise edge)
   0.00    0.00   clock network delay (ideal)
   0.50    0.50 v input external delay
   0.00    0.50 v instr_rdata_i[16] (in)
   2.89    3.39 ^ _22971_/X (sky130_fd_sc_hd__lpflow_isobufsrc_1)
   0.41    3.80 v _23777_/Y (sky130_fd_sc_hd__a221oi_1)
   0.25    4.05 ^ _23778_/Y (sky130_fd_sc_hd__a21oi_1)
   0.10    4.15 v _23786_/Y (sky130_fd_sc_hd__o22ai_1)
   0.39    4.54 ^ _23787_/Y (sky130_fd_sc_hd__a211oi_1)
   0.13    4.67 v _17950_/Y (sky130_fd_sc_hd__nand2_1)
   0.34    5.01 ^ _17953_/Y (sky130_fd_sc_hd__o21ai_0)
   0.15    5.16 v _17957_/Y (sky130_fd_sc_hd__a211oi_1)
   0.32    5.48 ^ _18021_/Y (sky130_fd_sc_hd__o31ai_1)
   0.28    5.76 ^ _18024_/X (sky130_fd_sc_hd__maj3_1)
   0.21    5.97 ^ _18026_/X (sky130_fd_sc_hd__maj3_1)
   0.11    6.08 v _18029_/Y (sky130_fd_sc_hd__a21oi_1)
   0.24    6.32 v _18031_/X (sky130_fd_sc_hd__o211a_1)
   0.35    6.67 ^ _18075_/Y (sky130_fd_sc_hd__o31ai_1)
   0.20    6.87 v _18189_/Y (sky130_fd_sc_hd__o2111ai_1)
   0.35    7.23 ^ _18194_/Y (sky130_fd_sc_hd__o31ai_1)
   0.28    7.50 ^ _18203_/X (sky130_fd_sc_hd__and4b_1)
   0.18    7.69 ^ _18215_/X (sky130_fd_sc_hd__o21a_1)
   0.17    7.86 v _18351_/Y (sky130_fd_sc_hd__o2111ai_1)
   0.22    8.08 v _18356_/X (sky130_fd_sc_hd__a21o_1)
   0.17    8.25 v _18394_/X (sky130_fd_sc_hd__and3_1)
   0.26    8.52 v _18395_/X (sky130_fd_sc_hd__a211o_1)
   0.00    8.52 v id_jump_target_o[28] (out)
           8.52   data arrival time

   5.00    5.00   clock clk (rise edge)
   0.00    5.00   clock network delay (ideal)
   0.00    5.00   clock reconvergence pessimism
  -0.50    4.50   output external delay
           4.50   data required time
---------------------------------------------------------
           4.50   data required time
          -8.52   data arrival time
---------------------------------------------------------
          -4.02   slack (VIOLATED)


Startpoint: instr_rdata_i[16] (input port clocked by clk)
Endpoint: id_jump_target_o[29] (output port clocked by clk)
Path Group: in2out
Path Type: max

  Delay    Time   Description
---------------------------------------------------------
   0.00    0.00   clock clk (rise edge)
   0.00    0.00   clock network delay (ideal)
   0.50    0.50 v input external delay
   0.00    0.50 v instr_rdata_i[16] (in)
   2.89    3.39 ^ _22971_/X (sky130_fd_sc_hd__lpflow_isobufsrc_1)
   0.41    3.80 v _23777_/Y (sky130_fd_sc_hd__a221oi_1)
   0.25    4.05 ^ _23778_/Y (sky130_fd_sc_hd__a21oi_1)
   0.10    4.15 v _23786_/Y (sky130_fd_sc_hd__o22ai_1)
   0.39    4.54 ^ _23787_/Y (sky130_fd_sc_hd__a211oi_1)
   0.13    4.67 v _17950_/Y (sky130_fd_sc_hd__nand2_1)
   0.34    5.01 ^ _17953_/Y (sky130_fd_sc_hd__o21ai_0)
   0.15    5.16 v _17957_/Y (sky130_fd_sc_hd__a211oi_1)
   0.32    5.48 ^ _18021_/Y (sky130_fd_sc_hd__o31ai_1)
   0.28    5.76 ^ _18024_/X (sky130_fd_sc_hd__maj3_1)
   0.21    5.97 ^ _18026_/X (sky130_fd_sc_hd__maj3_1)
   0.11    6.08 v _18029_/Y (sky130_fd_sc_hd__a21oi_1)
   0.24    6.32 v _18031_/X (sky130_fd_sc_hd__o211a_1)
   0.35    6.67 ^ _18075_/Y (sky130_fd_sc_hd__o31ai_1)
   0.20    6.87 v _18189_/Y (sky130_fd_sc_hd__o2111ai_1)
   0.35    7.23 ^ _18194_/Y (sky130_fd_sc_hd__o31ai_1)
   0.28    7.50 ^ _18203_/X (sky130_fd_sc_hd__and4b_1)
   0.18    7.69 ^ _18215_/X (sky130_fd_sc_hd__o21a_1)
   0.17    7.86 v _18351_/Y (sky130_fd_sc_hd__o2111ai_1)
   0.22    8.08 v _18356_/X (sky130_fd_sc_hd__a21o_1)
   0.09    8.17 ^ _18360_/Y (sky130_fd_sc_hd__nand2_1)
   0.14    8.31 ^ _18387_/X (sky130_fd_sc_hd__xor2_1)
   0.13    8.44 v _18388_/Y (sky130_fd_sc_hd__o221ai_1)
   0.00    8.44 v id_jump_target_o[29] (out)
           8.44   data arrival time

   5.00    5.00   clock clk (rise edge)
   0.00    5.00   clock network delay (ideal)
   0.00    5.00   clock reconvergence pessimism
  -0.50    4.50   output external delay
           4.50   data required time
---------------------------------------------------------
           4.50   data required time
          -8.44   data arrival time
---------------------------------------------------------
          -3.94   slack (VIOLATED)


Startpoint: instr_rdata_i[16] (input port clocked by clk)
Endpoint: id_jump_target_o[23] (output port clocked by clk)
Path Group: in2out
Path Type: max

  Delay    Time   Description
---------------------------------------------------------
   0.00    0.00   clock clk (rise edge)
   0.00    0.00   clock network delay (ideal)
   0.50    0.50 v input external delay
   0.00    0.50 v instr_rdata_i[16] (in)
   2.89    3.39 ^ _22971_/X (sky130_fd_sc_hd__lpflow_isobufsrc_1)
   0.41    3.80 v _23777_/Y (sky130_fd_sc_hd__a221oi_1)
   0.25    4.05 ^ _23778_/Y (sky130_fd_sc_hd__a21oi_1)
   0.10    4.15 v _23786_/Y (sky130_fd_sc_hd__o22ai_1)
   0.39    4.54 ^ _23787_/Y (sky130_fd_sc_hd__a211oi_1)
   0.13    4.67 v _17950_/Y (sky130_fd_sc_hd__nand2_1)
   0.34    5.01 ^ _17953_/Y (sky130_fd_sc_hd__o21ai_0)
   0.15    5.16 v _17957_/Y (sky130_fd_sc_hd__a211oi_1)
   0.32    5.48 ^ _18021_/Y (sky130_fd_sc_hd__o31ai_1)
   0.28    5.76 ^ _18024_/X (sky130_fd_sc_hd__maj3_1)
   0.21    5.97 ^ _18026_/X (sky130_fd_sc_hd__maj3_1)
   0.11    6.08 v _18029_/Y (sky130_fd_sc_hd__a21oi_1)
   0.24    6.32 v _18031_/X (sky130_fd_sc_hd__o211a_1)
   0.35    6.67 ^ _18075_/Y (sky130_fd_sc_hd__o31ai_1)
   0.20    6.87 v _18189_/Y (sky130_fd_sc_hd__o2111ai_1)
   0.35    7.23 ^ _18194_/Y (sky130_fd_sc_hd__o31ai_1)
   0.28    7.50 ^ _18203_/X (sky130_fd_sc_hd__and4b_1)
   0.14    7.64 v _18209_/Y (sky130_fd_sc_hd__o21ai_0)
   0.30    7.94 ^ _18313_/Y (sky130_fd_sc_hd__o21ai_0)
   0.25    8.19 ^ _18314_/X (sky130_fd_sc_hd__maj3_1)
   0.15    8.34 ^ _18315_/X (sky130_fd_sc_hd__xor2_1)
   0.10    8.43 v _18316_/Y (sky130_fd_sc_hd__o211ai_1)
   0.00    8.43 v id_jump_target_o[23] (out)
           8.43   data arrival time

   5.00    5.00   clock clk (rise edge)
   0.00    5.00   clock network delay (ideal)
   0.00    5.00   clock reconvergence pessimism
  -0.50    4.50   output external delay
           4.50   data required time
---------------------------------------------------------
           4.50   data required time
          -8.43   data arrival time
---------------------------------------------------------
          -3.93   slack (VIOLATED)


Startpoint: instr_rdata_i[16] (input port clocked by clk)
Endpoint: id_jump_target_o[27] (output port clocked by clk)
Path Group: in2out
Path Type: max

  Delay    Time   Description
---------------------------------------------------------
   0.00    0.00   clock clk (rise edge)
   0.00    0.00   clock network delay (ideal)
   0.50    0.50 v input external delay
   0.00    0.50 v instr_rdata_i[16] (in)
   2.89    3.39 ^ _22971_/X (sky130_fd_sc_hd__lpflow_isobufsrc_1)
   0.41    3.80 v _23777_/Y (sky130_fd_sc_hd__a221oi_1)
   0.25    4.05 ^ _23778_/Y (sky130_fd_sc_hd__a21oi_1)
   0.10    4.15 v _23786_/Y (sky130_fd_sc_hd__o22ai_1)
   0.39    4.54 ^ _23787_/Y (sky130_fd_sc_hd__a211oi_1)
   0.13    4.67 v _17950_/Y (sky130_fd_sc_hd__nand2_1)
   0.34    5.01 ^ _17953_/Y (sky130_fd_sc_hd__o21ai_0)
   0.15    5.16 v _17957_/Y (sky130_fd_sc_hd__a211oi_1)
   0.32    5.48 ^ _18021_/Y (sky130_fd_sc_hd__o31ai_1)
   0.28    5.76 ^ _18024_/X (sky130_fd_sc_hd__maj3_1)
   0.21    5.97 ^ _18026_/X (sky130_fd_sc_hd__maj3_1)
   0.11    6.08 v _18029_/Y (sky130_fd_sc_hd__a21oi_1)
   0.24    6.32 v _18031_/X (sky130_fd_sc_hd__o211a_1)
   0.35    6.67 ^ _18075_/Y (sky130_fd_sc_hd__o31ai_1)
   0.20    6.87 v _18189_/Y (sky130_fd_sc_hd__o2111ai_1)
   0.35    7.23 ^ _18194_/Y (sky130_fd_sc_hd__o31ai_1)
   0.28    7.50 ^ _18203_/X (sky130_fd_sc_hd__and4b_1)
   0.18    7.69 ^ _18215_/X (sky130_fd_sc_hd__o21a_1)
   0.12    7.81 v _18347_/Y (sky130_fd_sc_hd__o211ai_1)
   0.17    7.98 ^ _18402_/Y (sky130_fd_sc_hd__a21oi_1)
   0.07    8.05 v _18403_/Y (sky130_fd_sc_hd__a21oi_1)
   0.17    8.21 v _18404_/X (sky130_fd_sc_hd__xor2_1)
   0.16    8.37 ^ _18405_/Y (sky130_fd_sc_hd__o211ai_1)
   0.00    8.38 ^ id_jump_target_o[27] (out)
           8.38   data arrival time

   5.00    5.00   clock clk (rise edge)
   0.00    5.00   clock network delay (ideal)
   0.00    5.00   clock reconvergence pessimism
  -0.50    4.50   output external delay
           4.50   data required time
---------------------------------------------------------
           4.50   data required time
          -8.38   data arrival time
---------------------------------------------------------
          -3.88   slack (VIOLATED)


Startpoint: instr_rdata_i[16] (input port clocked by clk)
Endpoint: id_jump_target_o[22] (output port clocked by clk)
Path Group: in2out
Path Type: max

  Delay    Time   Description
---------------------------------------------------------
   0.00    0.00   clock clk (rise edge)
   0.00    0.00   clock network delay (ideal)
   0.50    0.50 v input external delay
   0.00    0.50 v instr_rdata_i[16] (in)
   2.89    3.39 ^ _22971_/X (sky130_fd_sc_hd__lpflow_isobufsrc_1)
   0.41    3.80 v _23777_/Y (sky130_fd_sc_hd__a221oi_1)
   0.25    4.05 ^ _23778_/Y (sky130_fd_sc_hd__a21oi_1)
   0.10    4.15 v _23786_/Y (sky130_fd_sc_hd__o22ai_1)
   0.39    4.54 ^ _23787_/Y (sky130_fd_sc_hd__a211oi_1)
   0.13    4.67 v _17950_/Y (sky130_fd_sc_hd__nand2_1)
   0.34    5.01 ^ _17953_/Y (sky130_fd_sc_hd__o21ai_0)
   0.15    5.16 v _17957_/Y (sky130_fd_sc_hd__a211oi_1)
   0.32    5.48 ^ _18021_/Y (sky130_fd_sc_hd__o31ai_1)
   0.28    5.76 ^ _18024_/X (sky130_fd_sc_hd__maj3_1)
   0.21    5.97 ^ _18026_/X (sky130_fd_sc_hd__maj3_1)
   0.11    6.08 v _18029_/Y (sky130_fd_sc_hd__a21oi_1)
   0.24    6.32 v _18031_/X (sky130_fd_sc_hd__o211a_1)
   0.35    6.67 ^ _18075_/Y (sky130_fd_sc_hd__o31ai_1)
   0.20    6.87 v _18189_/Y (sky130_fd_sc_hd__o2111ai_1)
   0.35    7.23 ^ _18194_/Y (sky130_fd_sc_hd__o31ai_1)
   0.28    7.50 ^ _18203_/X (sky130_fd_sc_hd__and4b_1)
   0.14    7.64 v _18209_/Y (sky130_fd_sc_hd__o21ai_0)
   0.30    7.94 ^ _18313_/Y (sky130_fd_sc_hd__o21ai_0)
   0.16    8.10 ^ _18414_/Y (sky130_fd_sc_hd__xnor2_1)
   0.09    8.19 v _18417_/Y (sky130_fd_sc_hd__o22ai_1)
   0.18    8.37 v _18418_/X (sky130_fd_sc_hd__a21o_1)
   0.00    8.37 v id_jump_target_o[22] (out)
           8.37   data arrival time

   5.00    5.00   clock clk (rise edge)
   0.00    5.00   clock network delay (ideal)
   0.00    5.00   clock reconvergence pessimism
  -0.50    4.50   output external delay
           4.50   data required time
---------------------------------------------------------
           4.50   data required time
          -8.37   data arrival time
---------------------------------------------------------
          -3.87   slack (VIOLATED)


Startpoint: instr_rdata_i[16] (input port clocked by clk)
Endpoint: id_jump_target_o[25] (output port clocked by clk)
Path Group: in2out
Path Type: max

  Delay    Time   Description
---------------------------------------------------------
   0.00    0.00   clock clk (rise edge)
   0.00    0.00   clock network delay (ideal)
   0.50    0.50 v input external delay
   0.00    0.50 v instr_rdata_i[16] (in)
   2.89    3.39 ^ _22971_/X (sky130_fd_sc_hd__lpflow_isobufsrc_1)
   0.41    3.80 v _23777_/Y (sky130_fd_sc_hd__a221oi_1)
   0.25    4.05 ^ _23778_/Y (sky130_fd_sc_hd__a21oi_1)
   0.10    4.15 v _23786_/Y (sky130_fd_sc_hd__o22ai_1)
   0.39    4.54 ^ _23787_/Y (sky130_fd_sc_hd__a211oi_1)
   0.13    4.67 v _17950_/Y (sky130_fd_sc_hd__nand2_1)
   0.34    5.01 ^ _17953_/Y (sky130_fd_sc_hd__o21ai_0)
   0.15    5.16 v _17957_/Y (sky130_fd_sc_hd__a211oi_1)
   0.32    5.48 ^ _18021_/Y (sky130_fd_sc_hd__o31ai_1)
   0.28    5.76 ^ _18024_/X (sky130_fd_sc_hd__maj3_1)
   0.21    5.97 ^ _18026_/X (sky130_fd_sc_hd__maj3_1)
   0.11    6.08 v _18029_/Y (sky130_fd_sc_hd__a21oi_1)
   0.24    6.32 v _18031_/X (sky130_fd_sc_hd__o211a_1)
   0.35    6.67 ^ _18075_/Y (sky130_fd_sc_hd__o31ai_1)
   0.20    6.87 v _18189_/Y (sky130_fd_sc_hd__o2111ai_1)
   0.35    7.23 ^ _18194_/Y (sky130_fd_sc_hd__o31ai_1)
   0.28    7.50 ^ _18203_/X (sky130_fd_sc_hd__and4b_1)
   0.18    7.69 ^ _18215_/X (sky130_fd_sc_hd__o21a_1)
   0.14    7.83 v _18220_/Y (sky130_fd_sc_hd__o21ai_0)
   0.20    8.02 v _18224_/X (sky130_fd_sc_hd__and3_1)
   0.27    8.30 v _18225_/X (sky130_fd_sc_hd__o32a_1)
   0.07    8.37 ^ _18226_/Y (sky130_fd_sc_hd__o21ai_0)
   0.00    8.37 ^ id_jump_target_o[25] (out)
           8.37   data arrival time

   5.00    5.00   clock clk (rise edge)
   0.00    5.00   clock network delay (ideal)
   0.00    5.00   clock reconvergence pessimism
  -0.50    4.50   output external delay
           4.50   data required time
---------------------------------------------------------
           4.50   data required time
          -8.37   data arrival time
---------------------------------------------------------
          -3.87   slack (VIOLATED)


Startpoint: instr_rdata_i[16] (input port clocked by clk)
Endpoint: id_jump_target_o[19] (output port clocked by clk)
Path Group: in2out
Path Type: max

  Delay    Time   Description
---------------------------------------------------------
   0.00    0.00   clock clk (rise edge)
   0.00    0.00   clock network delay (ideal)
   0.50    0.50 v input external delay
   0.00    0.50 v instr_rdata_i[16] (in)
   2.89    3.39 ^ _22971_/X (sky130_fd_sc_hd__lpflow_isobufsrc_1)
   0.41    3.80 v _23777_/Y (sky130_fd_sc_hd__a221oi_1)
   0.25    4.05 ^ _23778_/Y (sky130_fd_sc_hd__a21oi_1)
   0.10    4.15 v _23786_/Y (sky130_fd_sc_hd__o22ai_1)
   0.39    4.54 ^ _23787_/Y (sky130_fd_sc_hd__a211oi_1)
   0.13    4.67 v _17950_/Y (sky130_fd_sc_hd__nand2_1)
   0.34    5.01 ^ _17953_/Y (sky130_fd_sc_hd__o21ai_0)
   0.15    5.16 v _17957_/Y (sky130_fd_sc_hd__a211oi_1)
   0.32    5.48 ^ _18021_/Y (sky130_fd_sc_hd__o31ai_1)
   0.28    5.76 ^ _18024_/X (sky130_fd_sc_hd__maj3_1)
   0.21    5.97 ^ _18026_/X (sky130_fd_sc_hd__maj3_1)
   0.11    6.08 v _18029_/Y (sky130_fd_sc_hd__a21oi_1)
   0.24    6.32 v _18031_/X (sky130_fd_sc_hd__o211a_1)
   0.35    6.67 ^ _18075_/Y (sky130_fd_sc_hd__o31ai_1)
   0.20    6.87 v _18189_/Y (sky130_fd_sc_hd__o2111ai_1)
   0.35    7.23 ^ _18194_/Y (sky130_fd_sc_hd__o31ai_1)
   0.13    7.35 v _18197_/Y (sky130_fd_sc_hd__nand2_1)
   0.24    7.60 v _18199_/X (sky130_fd_sc_hd__lpflow_inputiso1p_1)
   0.16    7.76 ^ _18431_/Y (sky130_fd_sc_hd__a21oi_1)
   0.07    7.83 v _18432_/Y (sky130_fd_sc_hd__a21oi_1)
   0.17    8.00 v _18433_/X (sky130_fd_sc_hd__xor2_1)
   0.13    8.13 ^ _18434_/Y (sky130_fd_sc_hd__a22oi_1)
   0.11    8.24 v _18435_/Y (sky130_fd_sc_hd__o21ai_0)
   0.00    8.24 v id_jump_target_o[19] (out)
           8.24   data arrival time

   5.00    5.00   clock clk (rise edge)
   0.00    5.00   clock network delay (ideal)
   0.00    5.00   clock reconvergence pessimism
  -0.50    4.50   output external delay
           4.50   data required time
---------------------------------------------------------
           4.50   data required time
          -8.24   data arrival time
---------------------------------------------------------
          -3.74   slack (VIOLATED)


Startpoint: instr_rdata_i[16] (input port clocked by clk)
Endpoint: id_jump_target_o[26] (output port clocked by clk)
Path Group: in2out
Path Type: max

  Delay    Time   Description
---------------------------------------------------------
   0.00    0.00   clock clk (rise edge)
   0.00    0.00   clock network delay (ideal)
   0.50    0.50 v input external delay
   0.00    0.50 v instr_rdata_i[16] (in)
   2.89    3.39 ^ _22971_/X (sky130_fd_sc_hd__lpflow_isobufsrc_1)
   0.41    3.80 v _23777_/Y (sky130_fd_sc_hd__a221oi_1)
   0.25    4.05 ^ _23778_/Y (sky130_fd_sc_hd__a21oi_1)
   0.10    4.15 v _23786_/Y (sky130_fd_sc_hd__o22ai_1)
   0.39    4.54 ^ _23787_/Y (sky130_fd_sc_hd__a211oi_1)
   0.13    4.67 v _17950_/Y (sky130_fd_sc_hd__nand2_1)
   0.34    5.01 ^ _17953_/Y (sky130_fd_sc_hd__o21ai_0)
   0.15    5.16 v _17957_/Y (sky130_fd_sc_hd__a211oi_1)
   0.32    5.48 ^ _18021_/Y (sky130_fd_sc_hd__o31ai_1)
   0.28    5.76 ^ _18024_/X (sky130_fd_sc_hd__maj3_1)
   0.21    5.97 ^ _18026_/X (sky130_fd_sc_hd__maj3_1)
   0.11    6.08 v _18029_/Y (sky130_fd_sc_hd__a21oi_1)
   0.24    6.32 v _18031_/X (sky130_fd_sc_hd__o211a_1)
   0.35    6.67 ^ _18075_/Y (sky130_fd_sc_hd__o31ai_1)
   0.20    6.87 v _18189_/Y (sky130_fd_sc_hd__o2111ai_1)
   0.35    7.23 ^ _18194_/Y (sky130_fd_sc_hd__o31ai_1)
   0.28    7.50 ^ _18203_/X (sky130_fd_sc_hd__and4b_1)
   0.18    7.69 ^ _18215_/X (sky130_fd_sc_hd__o21a_1)
   0.12    7.81 v _18347_/Y (sky130_fd_sc_hd__o211ai_1)
   0.16    7.97 v _18408_/X (sky130_fd_sc_hd__and3_1)
   0.27    8.24 ^ _18411_/Y (sky130_fd_sc_hd__o311ai_0)
   0.00    8.24 ^ id_jump_target_o[26] (out)
           8.24   data arrival time

   5.00    5.00   clock clk (rise edge)
   0.00    5.00   clock network delay (ideal)
   0.00    5.00   clock reconvergence pessimism
  -0.50    4.50   output external delay
           4.50   data required time
---------------------------------------------------------
           4.50   data required time
          -8.24   data arrival time
---------------------------------------------------------
          -3.74   slack (VIOLATED)


Startpoint: instr_rdata_i[16] (input port clocked by clk)
Endpoint: id_jump_target_o[24] (output port clocked by clk)
Path Group: in2out
Path Type: max

  Delay    Time   Description
---------------------------------------------------------
   0.00    0.00   clock clk (rise edge)
   0.00    0.00   clock network delay (ideal)
   0.50    0.50 v input external delay
   0.00    0.50 v instr_rdata_i[16] (in)
   2.89    3.39 ^ _22971_/X (sky130_fd_sc_hd__lpflow_isobufsrc_1)
   0.41    3.80 v _23777_/Y (sky130_fd_sc_hd__a221oi_1)
   0.25    4.05 ^ _23778_/Y (sky130_fd_sc_hd__a21oi_1)
   0.10    4.15 v _23786_/Y (sky130_fd_sc_hd__o22ai_1)
   0.39    4.54 ^ _23787_/Y (sky130_fd_sc_hd__a211oi_1)
   0.13    4.67 v _17950_/Y (sky130_fd_sc_hd__nand2_1)
   0.34    5.01 ^ _17953_/Y (sky130_fd_sc_hd__o21ai_0)
   0.15    5.16 v _17957_/Y (sky130_fd_sc_hd__a211oi_1)
   0.32    5.48 ^ _18021_/Y (sky130_fd_sc_hd__o31ai_1)
   0.28    5.76 ^ _18024_/X (sky130_fd_sc_hd__maj3_1)
   0.21    5.97 ^ _18026_/X (sky130_fd_sc_hd__maj3_1)
   0.11    6.08 v _18029_/Y (sky130_fd_sc_hd__a21oi_1)
   0.24    6.32 v _18031_/X (sky130_fd_sc_hd__o211a_1)
   0.35    6.67 ^ _18075_/Y (sky130_fd_sc_hd__o31ai_1)
   0.20    6.87 v _18189_/Y (sky130_fd_sc_hd__o2111ai_1)
   0.35    7.23 ^ _18194_/Y (sky130_fd_sc_hd__o31ai_1)
   0.28    7.50 ^ _18203_/X (sky130_fd_sc_hd__and4b_1)
   0.18    7.69 ^ _18215_/X (sky130_fd_sc_hd__o21a_1)
   0.14    7.83 v _18220_/Y (sky130_fd_sc_hd__o21ai_0)
   0.10    7.93 ^ _18295_/Y (sky130_fd_sc_hd__nand2_1)
   0.08    8.00 v _18296_/Y (sky130_fd_sc_hd__o22ai_1)
   0.16    8.17 v _18297_/Y (sky130_fd_sc_hd__o21bai_1)
   0.00    8.17 v id_jump_target_o[24] (out)
           8.17   data arrival time

   5.00    5.00   clock clk (rise edge)
   0.00    5.00   clock network delay (ideal)
   0.00    5.00   clock reconvergence pessimism
  -0.50    4.50   output external delay
           4.50   data required time
---------------------------------------------------------
           4.50   data required time
          -8.17   data arrival time
---------------------------------------------------------
          -3.67   slack (VIOLATED)


Startpoint: instr_rdata_i[16] (input port clocked by clk)
Endpoint: id_jump_target_o[21] (output port clocked by clk)
Path Group: in2out
Path Type: max

  Delay    Time   Description
---------------------------------------------------------
   0.00    0.00   clock clk (rise edge)
   0.00    0.00   clock network delay (ideal)
   0.50    0.50 v input external delay
   0.00    0.50 v instr_rdata_i[16] (in)
   2.89    3.39 ^ _22971_/X (sky130_fd_sc_hd__lpflow_isobufsrc_1)
   0.41    3.80 v _23777_/Y (sky130_fd_sc_hd__a221oi_1)
   0.25    4.05 ^ _23778_/Y (sky130_fd_sc_hd__a21oi_1)
   0.10    4.15 v _23786_/Y (sky130_fd_sc_hd__o22ai_1)
   0.39    4.54 ^ _23787_/Y (sky130_fd_sc_hd__a211oi_1)
   0.13    4.67 v _17950_/Y (sky130_fd_sc_hd__nand2_1)
   0.34    5.01 ^ _17953_/Y (sky130_fd_sc_hd__o21ai_0)
   0.15    5.16 v _17957_/Y (sky130_fd_sc_hd__a211oi_1)
   0.32    5.48 ^ _18021_/Y (sky130_fd_sc_hd__o31ai_1)
   0.28    5.76 ^ _18024_/X (sky130_fd_sc_hd__maj3_1)
   0.21    5.97 ^ _18026_/X (sky130_fd_sc_hd__maj3_1)
   0.11    6.08 v _18029_/Y (sky130_fd_sc_hd__a21oi_1)
   0.24    6.32 v _18031_/X (sky130_fd_sc_hd__o211a_1)
   0.35    6.67 ^ _18075_/Y (sky130_fd_sc_hd__o31ai_1)
   0.20    6.87 v _18189_/Y (sky130_fd_sc_hd__o2111ai_1)
   0.35    7.23 ^ _18194_/Y (sky130_fd_sc_hd__o31ai_1)
   0.28    7.50 ^ _18203_/X (sky130_fd_sc_hd__and4b_1)
   0.14    7.64 v _18209_/Y (sky130_fd_sc_hd__o21ai_0)
   0.11    7.75 ^ _18301_/Y (sky130_fd_sc_hd__nand2_1)
   0.07    7.82 v _18302_/Y (sky130_fd_sc_hd__xnor2_1)
   0.17    8.00 ^ _18305_/Y (sky130_fd_sc_hd__a22oi_1)
   0.11    8.11 v _18306_/Y (sky130_fd_sc_hd__o21ai_0)
   0.00    8.11 v id_jump_target_o[21] (out)
           8.11   data arrival time

   5.00    5.00   clock clk (rise edge)
   0.00    5.00   clock network delay (ideal)
   0.00    5.00   clock reconvergence pessimism
  -0.50    4.50   output external delay
           4.50   data required time
---------------------------------------------------------
           4.50   data required time
          -8.11   data arrival time
---------------------------------------------------------
          -3.61   slack (VIOLATED)


Startpoint: instr_rdata_i[16] (input port clocked by clk)
Endpoint: id_jump_target_o[18] (output port clocked by clk)
Path Group: in2out
Path Type: max

  Delay    Time   Description
---------------------------------------------------------
   0.00    0.00   clock clk (rise edge)
   0.00    0.00   clock network delay (ideal)
   0.50    0.50 v input external delay
   0.00    0.50 v instr_rdata_i[16] (in)
   2.89    3.39 ^ _22971_/X (sky130_fd_sc_hd__lpflow_isobufsrc_1)
   0.41    3.80 v _23777_/Y (sky130_fd_sc_hd__a221oi_1)
   0.25    4.05 ^ _23778_/Y (sky130_fd_sc_hd__a21oi_1)
   0.10    4.15 v _23786_/Y (sky130_fd_sc_hd__o22ai_1)
   0.39    4.54 ^ _23787_/Y (sky130_fd_sc_hd__a211oi_1)
   0.13    4.67 v _17950_/Y (sky130_fd_sc_hd__nand2_1)
   0.34    5.01 ^ _17953_/Y (sky130_fd_sc_hd__o21ai_0)
   0.15    5.16 v _17957_/Y (sky130_fd_sc_hd__a211oi_1)
   0.32    5.48 ^ _18021_/Y (sky130_fd_sc_hd__o31ai_1)
   0.28    5.76 ^ _18024_/X (sky130_fd_sc_hd__maj3_1)
   0.21    5.97 ^ _18026_/X (sky130_fd_sc_hd__maj3_1)
   0.11    6.08 v _18029_/Y (sky130_fd_sc_hd__a21oi_1)
   0.24    6.32 v _18031_/X (sky130_fd_sc_hd__o211a_1)
   0.35    6.67 ^ _18075_/Y (sky130_fd_sc_hd__o31ai_1)
   0.20    6.87 v _18189_/Y (sky130_fd_sc_hd__o2111ai_1)
   0.35    7.23 ^ _18194_/Y (sky130_fd_sc_hd__o31ai_1)
   0.13    7.35 v _18197_/Y (sky130_fd_sc_hd__nand2_1)
   0.24    7.60 v _18199_/X (sky130_fd_sc_hd__lpflow_inputiso1p_1)
   0.16    7.76 ^ _18431_/Y (sky130_fd_sc_hd__a21oi_1)
   0.06    7.82 v _18439_/Y (sky130_fd_sc_hd__nor2_1)
   0.17    7.99 ^ _18440_/Y (sky130_fd_sc_hd__a22oi_1)
   0.11    8.09 v _18441_/Y (sky130_fd_sc_hd__o21ai_0)
   0.00    8.09 v id_jump_target_o[18] (out)
           8.09   data arrival time

   5.00    5.00   clock clk (rise edge)
   0.00    5.00   clock network delay (ideal)
   0.00    5.00   clock reconvergence pessimism
  -0.50    4.50   output external delay
           4.50   data required time
---------------------------------------------------------
           4.50   data required time
          -8.09   data arrival time
---------------------------------------------------------
          -3.59   slack (VIOLATED)


Startpoint: instr_rdata_i[16] (input port clocked by clk)
Endpoint: id_jump_target_o[20] (output port clocked by clk)
Path Group: in2out
Path Type: max

  Delay    Time   Description
---------------------------------------------------------
   0.00    0.00   clock clk (rise edge)
   0.00    0.00   clock network delay (ideal)
   0.50    0.50 v input external delay
   0.00    0.50 v instr_rdata_i[16] (in)
   2.89    3.39 ^ _22971_/X (sky130_fd_sc_hd__lpflow_isobufsrc_1)
   0.41    3.80 v _23777_/Y (sky130_fd_sc_hd__a221oi_1)
   0.25    4.05 ^ _23778_/Y (sky130_fd_sc_hd__a21oi_1)
   0.10    4.15 v _23786_/Y (sky130_fd_sc_hd__o22ai_1)
   0.39    4.54 ^ _23787_/Y (sky130_fd_sc_hd__a211oi_1)
   0.13    4.67 v _17950_/Y (sky130_fd_sc_hd__nand2_1)
   0.34    5.01 ^ _17953_/Y (sky130_fd_sc_hd__o21ai_0)
   0.15    5.16 v _17957_/Y (sky130_fd_sc_hd__a211oi_1)
   0.32    5.48 ^ _18021_/Y (sky130_fd_sc_hd__o31ai_1)
   0.28    5.76 ^ _18024_/X (sky130_fd_sc_hd__maj3_1)
   0.21    5.97 ^ _18026_/X (sky130_fd_sc_hd__maj3_1)
   0.11    6.08 v _18029_/Y (sky130_fd_sc_hd__a21oi_1)
   0.24    6.32 v _18031_/X (sky130_fd_sc_hd__o211a_1)
   0.35    6.67 ^ _18075_/Y (sky130_fd_sc_hd__o31ai_1)
   0.20    6.87 v _18189_/Y (sky130_fd_sc_hd__o2111ai_1)
   0.35    7.23 ^ _18194_/Y (sky130_fd_sc_hd__o31ai_1)
   0.28    7.50 ^ _18203_/X (sky130_fd_sc_hd__and4b_1)
   0.14    7.64 v _18209_/Y (sky130_fd_sc_hd__o21ai_0)
   0.22    7.86 v _18424_/X (sky130_fd_sc_hd__a22o_1)
   0.15    8.01 v _18425_/Y (sky130_fd_sc_hd__o21bai_1)
   0.00    8.01 v id_jump_target_o[20] (out)
           8.01   data arrival time

   5.00    5.00   clock clk (rise edge)
   0.00    5.00   clock network delay (ideal)
   0.00    5.00   clock reconvergence pessimism
  -0.50    4.50   output external delay
           4.50   data required time
---------------------------------------------------------
           4.50   data required time
          -8.01   data arrival time
---------------------------------------------------------
          -3.51   slack (VIOLATED)


Startpoint: instr_rdata_i[16] (input port clocked by clk)
Endpoint: id_jump_target_o[17] (output port clocked by clk)
Path Group: in2out
Path Type: max

  Delay    Time   Description
---------------------------------------------------------
   0.00    0.00   clock clk (rise edge)
   0.00    0.00   clock network delay (ideal)
   0.50    0.50 v input external delay
   0.00    0.50 v instr_rdata_i[16] (in)
   2.89    3.39 ^ _22971_/X (sky130_fd_sc_hd__lpflow_isobufsrc_1)
   0.41    3.80 v _23777_/Y (sky130_fd_sc_hd__a221oi_1)
   0.25    4.05 ^ _23778_/Y (sky130_fd_sc_hd__a21oi_1)
   0.10    4.15 v _23786_/Y (sky130_fd_sc_hd__o22ai_1)
   0.39    4.54 ^ _23787_/Y (sky130_fd_sc_hd__a211oi_1)
   0.13    4.67 v _17950_/Y (sky130_fd_sc_hd__nand2_1)
   0.34    5.01 ^ _17953_/Y (sky130_fd_sc_hd__o21ai_0)
   0.15    5.16 v _17957_/Y (sky130_fd_sc_hd__a211oi_1)
   0.32    5.48 ^ _18021_/Y (sky130_fd_sc_hd__o31ai_1)
   0.28    5.76 ^ _18024_/X (sky130_fd_sc_hd__maj3_1)
   0.21    5.97 ^ _18026_/X (sky130_fd_sc_hd__maj3_1)
   0.11    6.08 v _18029_/Y (sky130_fd_sc_hd__a21oi_1)
   0.24    6.32 v _18031_/X (sky130_fd_sc_hd__o211a_1)
   0.35    6.67 ^ _18075_/Y (sky130_fd_sc_hd__o31ai_1)
   0.20    6.87 v _18189_/Y (sky130_fd_sc_hd__o2111ai_1)
   0.35    7.23 ^ _18194_/Y (sky130_fd_sc_hd__o31ai_1)
   0.13    7.35 v _18197_/Y (sky130_fd_sc_hd__nand2_1)
   0.11    7.46 ^ _18251_/Y (sky130_fd_sc_hd__nand2_1)
   0.07    7.53 v _18252_/Y (sky130_fd_sc_hd__xnor2_1)
   0.13    7.66 ^ _18253_/Y (sky130_fd_sc_hd__a22oi_1)
   0.12    7.77 v _18254_/Y (sky130_fd_sc_hd__o21ai_0)
   0.00    7.77 v id_jump_target_o[17] (out)
           7.77   data arrival time

   5.00    5.00   clock clk (rise edge)
   0.00    5.00   clock network delay (ideal)
   0.00    5.00   clock reconvergence pessimism
  -0.50    4.50   output external delay
           4.50   data required time
---------------------------------------------------------
           4.50   data required time
          -7.77   data arrival time
---------------------------------------------------------
          -3.27   slack (VIOLATED)


Startpoint: instr_rdata_i[16] (input port clocked by clk)
Endpoint: id_jump_target_o[16] (output port clocked by clk)
Path Group: in2out
Path Type: max

  Delay    Time   Description
---------------------------------------------------------
   0.00    0.00   clock clk (rise edge)
   0.00    0.00   clock network delay (ideal)
   0.50    0.50 v input external delay
   0.00    0.50 v instr_rdata_i[16] (in)
   2.89    3.39 ^ _22971_/X (sky130_fd_sc_hd__lpflow_isobufsrc_1)
   0.41    3.80 v _23777_/Y (sky130_fd_sc_hd__a221oi_1)
   0.25    4.05 ^ _23778_/Y (sky130_fd_sc_hd__a21oi_1)
   0.10    4.15 v _23786_/Y (sky130_fd_sc_hd__o22ai_1)
   0.39    4.54 ^ _23787_/Y (sky130_fd_sc_hd__a211oi_1)
   0.13    4.67 v _17950_/Y (sky130_fd_sc_hd__nand2_1)
   0.34    5.01 ^ _17953_/Y (sky130_fd_sc_hd__o21ai_0)
   0.15    5.16 v _17957_/Y (sky130_fd_sc_hd__a211oi_1)
   0.32    5.48 ^ _18021_/Y (sky130_fd_sc_hd__o31ai_1)
   0.28    5.76 ^ _18024_/X (sky130_fd_sc_hd__maj3_1)
   0.21    5.97 ^ _18026_/X (sky130_fd_sc_hd__maj3_1)
   0.11    6.08 v _18029_/Y (sky130_fd_sc_hd__a21oi_1)
   0.24    6.32 v _18031_/X (sky130_fd_sc_hd__o211a_1)
   0.35    6.67 ^ _18075_/Y (sky130_fd_sc_hd__o31ai_1)
   0.20    6.87 v _18189_/Y (sky130_fd_sc_hd__o2111ai_1)
   0.35    7.23 ^ _18194_/Y (sky130_fd_sc_hd__o31ai_1)
   0.13    7.35 v _18197_/Y (sky130_fd_sc_hd__nand2_1)
   0.09    7.45 ^ _18232_/Y (sky130_fd_sc_hd__nand2_1)
   0.08    7.53 v _18233_/Y (sky130_fd_sc_hd__o22ai_1)
   0.00    7.53 v id_jump_target_o[16] (out)
           7.53   data arrival time

   5.00    5.00   clock clk (rise edge)
   0.00    5.00   clock network delay (ideal)
   0.00    5.00   clock reconvergence pessimism
  -0.50    4.50   output external delay
           4.50   data required time
---------------------------------------------------------
           4.50   data required time
          -7.53   data arrival time
---------------------------------------------------------
          -3.03   slack (VIOLATED)


Startpoint: instr_rdata_i[16] (input port clocked by clk)
Endpoint: id_jump_target_o[15] (output port clocked by clk)
Path Group: in2out
Path Type: max

  Delay    Time   Description
---------------------------------------------------------
   0.00    0.00   clock clk (rise edge)
   0.00    0.00   clock network delay (ideal)
   0.50    0.50 v input external delay
   0.00    0.50 v instr_rdata_i[16] (in)
   2.89    3.39 ^ _22971_/X (sky130_fd_sc_hd__lpflow_isobufsrc_1)
   0.41    3.80 v _23734_/Y (sky130_fd_sc_hd__a221oi_1)
   0.25    4.05 ^ _23737_/Y (sky130_fd_sc_hd__a21oi_1)
   0.14    4.19 v _23739_/Y (sky130_fd_sc_hd__o221ai_1)
   0.24    4.43 ^ _23740_/Y (sky130_fd_sc_hd__a21oi_1)
   0.21    4.63 ^ _17948_/X (sky130_fd_sc_hd__and2_0)
   0.10    4.73 v _17955_/Y (sky130_fd_sc_hd__nor2_1)
   0.30    5.02 ^ _17957_/Y (sky130_fd_sc_hd__a211oi_1)
   0.14    5.16 v _18021_/Y (sky130_fd_sc_hd__o31ai_1)
   0.40    5.56 v _18024_/X (sky130_fd_sc_hd__maj3_1)
   0.40    5.95 v _18026_/X (sky130_fd_sc_hd__maj3_1)
   0.25    6.20 ^ _18029_/Y (sky130_fd_sc_hd__a21oi_1)
   0.19    6.39 ^ _18031_/X (sky130_fd_sc_hd__o211a_1)
   0.10    6.49 v _18075_/Y (sky130_fd_sc_hd__o31ai_1)
   0.25    6.74 ^ _18189_/Y (sky130_fd_sc_hd__o2111ai_1)
   0.11    6.85 v _18277_/Y (sky130_fd_sc_hd__nand2_1)
   0.38    7.23 v _18442_/X (sky130_fd_sc_hd__maj3_1)
   0.15    7.38 v _18443_/X (sky130_fd_sc_hd__xor2_1)
   0.15    7.53 ^ _18450_/Y (sky130_fd_sc_hd__o21ai_0)
   0.00    7.53 ^ id_jump_target_o[15] (out)
           7.53   data arrival time

   5.00    5.00   clock clk (rise edge)
   0.00    5.00   clock network delay (ideal)
   0.00    5.00   clock reconvergence pessimism
  -0.50    4.50   output external delay
           4.50   data required time
---------------------------------------------------------
           4.50   data required time
          -7.53   data arrival time
---------------------------------------------------------
          -3.03   slack (VIOLATED)


Startpoint: instr_rdata_i[16] (input port clocked by clk)
Endpoint: id_jump_target_o[13] (output port clocked by clk)
Path Group: in2out
Path Type: max

  Delay    Time   Description
---------------------------------------------------------
   0.00    0.00   clock clk (rise edge)
   0.00    0.00   clock network delay (ideal)
   0.50    0.50 v input external delay
   0.00    0.50 v instr_rdata_i[16] (in)
   2.89    3.39 ^ _22971_/X (sky130_fd_sc_hd__lpflow_isobufsrc_1)
   0.41    3.80 v _23777_/Y (sky130_fd_sc_hd__a221oi_1)
   0.25    4.05 ^ _23778_/Y (sky130_fd_sc_hd__a21oi_1)
   0.10    4.15 v _23786_/Y (sky130_fd_sc_hd__o22ai_1)
   0.39    4.54 ^ _23787_/Y (sky130_fd_sc_hd__a211oi_1)
   0.13    4.67 v _17950_/Y (sky130_fd_sc_hd__nand2_1)
   0.34    5.01 ^ _17953_/Y (sky130_fd_sc_hd__o21ai_0)
   0.15    5.16 v _17957_/Y (sky130_fd_sc_hd__a211oi_1)
   0.32    5.48 ^ _18021_/Y (sky130_fd_sc_hd__o31ai_1)
   0.28    5.76 ^ _18024_/X (sky130_fd_sc_hd__maj3_1)
   0.21    5.97 ^ _18026_/X (sky130_fd_sc_hd__maj3_1)
   0.11    6.08 v _18029_/Y (sky130_fd_sc_hd__a21oi_1)
   0.24    6.32 v _18031_/X (sky130_fd_sc_hd__o211a_1)
   0.35    6.67 ^ _18075_/Y (sky130_fd_sc_hd__o31ai_1)
   0.22    6.89 ^ _18185_/X (sky130_fd_sc_hd__o21a_1)
   0.08    6.97 v _18186_/Y (sky130_fd_sc_hd__nand2_1)
   0.10    7.06 ^ _18266_/Y (sky130_fd_sc_hd__nand3_1)
   0.05    7.11 v _18268_/Y (sky130_fd_sc_hd__nand2_1)
   0.15    7.26 ^ _18276_/Y (sky130_fd_sc_hd__o21ai_0)
   0.00    7.26 ^ id_jump_target_o[13] (out)
           7.26   data arrival time

   5.00    5.00   clock clk (rise edge)
   0.00    5.00   clock network delay (ideal)
   0.00    5.00   clock reconvergence pessimism
  -0.50    4.50   output external delay
           4.50   data required time
---------------------------------------------------------
           4.50   data required time
          -7.26   data arrival time
---------------------------------------------------------
          -2.76   slack (VIOLATED)


Startpoint: instr_rdata_i[16] (input port clocked by clk)
Endpoint: id_jump_target_o[14] (output port clocked by clk)
Path Group: in2out
Path Type: max

  Delay    Time   Description
---------------------------------------------------------
   0.00    0.00   clock clk (rise edge)
   0.00    0.00   clock network delay (ideal)
   0.50    0.50 v input external delay
   0.00    0.50 v instr_rdata_i[16] (in)
   2.89    3.39 ^ _22971_/X (sky130_fd_sc_hd__lpflow_isobufsrc_1)
   0.41    3.80 v _23777_/Y (sky130_fd_sc_hd__a221oi_1)
   0.25    4.05 ^ _23778_/Y (sky130_fd_sc_hd__a21oi_1)
   0.10    4.15 v _23786_/Y (sky130_fd_sc_hd__o22ai_1)
   0.39    4.54 ^ _23787_/Y (sky130_fd_sc_hd__a211oi_1)
   0.13    4.67 v _17950_/Y (sky130_fd_sc_hd__nand2_1)
   0.34    5.01 ^ _17953_/Y (sky130_fd_sc_hd__o21ai_0)
   0.15    5.16 v _17957_/Y (sky130_fd_sc_hd__a211oi_1)
   0.32    5.48 ^ _18021_/Y (sky130_fd_sc_hd__o31ai_1)
   0.28    5.76 ^ _18024_/X (sky130_fd_sc_hd__maj3_1)
   0.21    5.97 ^ _18026_/X (sky130_fd_sc_hd__maj3_1)
   0.11    6.08 v _18029_/Y (sky130_fd_sc_hd__a21oi_1)
   0.24    6.32 v _18031_/X (sky130_fd_sc_hd__o211a_1)
   0.35    6.67 ^ _18075_/Y (sky130_fd_sc_hd__o31ai_1)
   0.20    6.87 v _18189_/Y (sky130_fd_sc_hd__o2111ai_1)
   0.12    7.00 ^ _18277_/Y (sky130_fd_sc_hd__nand2_1)
   0.15    7.15 ^ _18278_/X (sky130_fd_sc_hd__xor2_1)
   0.08    7.23 v _18283_/Y (sky130_fd_sc_hd__a21oi_1)
   0.00    7.23 v id_jump_target_o[14] (out)
           7.23   data arrival time

   5.00    5.00   clock clk (rise edge)
   0.00    5.00   clock network delay (ideal)
   0.00    5.00   clock reconvergence pessimism
  -0.50    4.50   output external delay
           4.50   data required time
---------------------------------------------------------
           4.50   data required time
          -7.23   data arrival time
---------------------------------------------------------
          -2.73   slack (VIOLATED)


Startpoint: instr_rdata_i[16] (input port clocked by clk)
Endpoint: id_jump_target_o[12] (output port clocked by clk)
Path Group: in2out
Path Type: max

  Delay    Time   Description
---------------------------------------------------------
   0.00    0.00   clock clk (rise edge)
   0.00    0.00   clock network delay (ideal)
   0.50    0.50 v input external delay
   0.00    0.50 v instr_rdata_i[16] (in)
   2.89    3.39 ^ _22971_/X (sky130_fd_sc_hd__lpflow_isobufsrc_1)
   0.41    3.80 v _23777_/Y (sky130_fd_sc_hd__a221oi_1)
   0.25    4.05 ^ _23778_/Y (sky130_fd_sc_hd__a21oi_1)
   0.10    4.15 v _23786_/Y (sky130_fd_sc_hd__o22ai_1)
   0.39    4.54 ^ _23787_/Y (sky130_fd_sc_hd__a211oi_1)
   0.13    4.67 v _17950_/Y (sky130_fd_sc_hd__nand2_1)
   0.34    5.01 ^ _17953_/Y (sky130_fd_sc_hd__o21ai_0)
   0.15    5.16 v _17957_/Y (sky130_fd_sc_hd__a211oi_1)
   0.32    5.48 ^ _18021_/Y (sky130_fd_sc_hd__o31ai_1)
   0.28    5.76 ^ _18024_/X (sky130_fd_sc_hd__maj3_1)
   0.21    5.97 ^ _18026_/X (sky130_fd_sc_hd__maj3_1)
   0.11    6.08 v _18029_/Y (sky130_fd_sc_hd__a21oi_1)
   0.24    6.32 v _18031_/X (sky130_fd_sc_hd__o211a_1)
   0.35    6.67 ^ _18075_/Y (sky130_fd_sc_hd__o31ai_1)
   0.22    6.89 ^ _18185_/X (sky130_fd_sc_hd__o21a_1)
   0.07    6.96 v _18255_/Y (sky130_fd_sc_hd__xnor2_1)
   0.15    7.10 ^ _18261_/Y (sky130_fd_sc_hd__o21ai_0)
   0.00    7.10 ^ id_jump_target_o[12] (out)
           7.10   data arrival time

   5.00    5.00   clock clk (rise edge)
   0.00    5.00   clock network delay (ideal)
   0.00    5.00   clock reconvergence pessimism
  -0.50    4.50   output external delay
           4.50   data required time
---------------------------------------------------------
           4.50   data required time
          -7.10   data arrival time
---------------------------------------------------------
          -2.60   slack (VIOLATED)


Startpoint: instr_rdata_i[16] (input port clocked by clk)
Endpoint: id_jump_target_o[11] (output port clocked by clk)
Path Group: in2out
Path Type: max

  Delay    Time   Description
---------------------------------------------------------
   0.00    0.00   clock clk (rise edge)
   0.00    0.00   clock network delay (ideal)
   0.50    0.50 v input external delay
   0.00    0.50 v instr_rdata_i[16] (in)
   2.89    3.39 ^ _22971_/X (sky130_fd_sc_hd__lpflow_isobufsrc_1)
   0.41    3.80 v _23777_/Y (sky130_fd_sc_hd__a221oi_1)
   0.25    4.05 ^ _23778_/Y (sky130_fd_sc_hd__a21oi_1)
   0.10    4.15 v _23786_/Y (sky130_fd_sc_hd__o22ai_1)
   0.39    4.54 ^ _23787_/Y (sky130_fd_sc_hd__a211oi_1)
   0.13    4.67 v _17950_/Y (sky130_fd_sc_hd__nand2_1)
   0.34    5.01 ^ _17953_/Y (sky130_fd_sc_hd__o21ai_0)
   0.15    5.16 v _17957_/Y (sky130_fd_sc_hd__a211oi_1)
   0.32    5.48 ^ _18021_/Y (sky130_fd_sc_hd__o31ai_1)
   0.28    5.76 ^ _18024_/X (sky130_fd_sc_hd__maj3_1)
   0.21    5.97 ^ _18026_/X (sky130_fd_sc_hd__maj3_1)
   0.11    6.08 v _18029_/Y (sky130_fd_sc_hd__a21oi_1)
   0.24    6.32 v _18031_/X (sky130_fd_sc_hd__o211a_1)
   0.35    6.67 ^ _18075_/Y (sky130_fd_sc_hd__o31ai_1)
   0.12    6.79 v _18079_/Y (sky130_fd_sc_hd__xnor2_1)
   0.15    6.95 ^ _18091_/Y (sky130_fd_sc_hd__o21ai_0)
   0.00    6.95 ^ id_jump_target_o[11] (out)
           6.95   data arrival time

   5.00    5.00   clock clk (rise edge)
   0.00    5.00   clock network delay (ideal)
   0.00    5.00   clock reconvergence pessimism
  -0.50    4.50   output external delay
           4.50   data required time
---------------------------------------------------------
           4.50   data required time
          -6.95   data arrival time
---------------------------------------------------------
          -2.45   slack (VIOLATED)


Startpoint: instr_rdata_i[16] (input port clocked by clk)
Endpoint: id_jump_target_o[10] (output port clocked by clk)
Path Group: in2out
Path Type: max

  Delay    Time   Description
---------------------------------------------------------
   0.00    0.00   clock clk (rise edge)
   0.00    0.00   clock network delay (ideal)
   0.50    0.50 v input external delay
   0.00    0.50 v instr_rdata_i[16] (in)
   2.89    3.39 ^ _22971_/X (sky130_fd_sc_hd__lpflow_isobufsrc_1)
   0.41    3.80 v _23734_/Y (sky130_fd_sc_hd__a221oi_1)
   0.25    4.05 ^ _23737_/Y (sky130_fd_sc_hd__a21oi_1)
   0.14    4.19 v _23739_/Y (sky130_fd_sc_hd__o221ai_1)
   0.24    4.43 ^ _23740_/Y (sky130_fd_sc_hd__a21oi_1)
   0.21    4.63 ^ _17948_/X (sky130_fd_sc_hd__and2_0)
   0.10    4.73 v _17955_/Y (sky130_fd_sc_hd__nor2_1)
   0.30    5.02 ^ _17957_/Y (sky130_fd_sc_hd__a211oi_1)
   0.14    5.16 v _18021_/Y (sky130_fd_sc_hd__o31ai_1)
   0.40    5.56 v _18024_/X (sky130_fd_sc_hd__maj3_1)
   0.40    5.95 v _18026_/X (sky130_fd_sc_hd__maj3_1)
   0.25    6.20 ^ _18029_/Y (sky130_fd_sc_hd__a21oi_1)
   0.19    6.39 ^ _18031_/X (sky130_fd_sc_hd__o211a_1)
   0.05    6.44 v _18032_/Y (sky130_fd_sc_hd__nor2_1)
   0.13    6.57 v _18033_/Y (sky130_fd_sc_hd__xnor2_1)
   0.34    6.91 v _18074_/X (sky130_fd_sc_hd__a221o_1)
   0.00    6.91 v id_jump_target_o[10] (out)
           6.91   data arrival time

   5.00    5.00   clock clk (rise edge)
   0.00    5.00   clock network delay (ideal)
   0.00    5.00   clock reconvergence pessimism
  -0.50    4.50   output external delay
           4.50   data required time
---------------------------------------------------------
           4.50   data required time
          -6.91   data arrival time
---------------------------------------------------------
          -2.41   slack (VIOLATED)


Startpoint: instr_rdata_i[16] (input port clocked by clk)
Endpoint: id_jump_target_o[8] (output port clocked by clk)
Path Group: in2out
Path Type: max

  Delay    Time   Description
---------------------------------------------------------
   0.00    0.00   clock clk (rise edge)
   0.00    0.00   clock network delay (ideal)
   0.50    0.50 v input external delay
   0.00    0.50 v instr_rdata_i[16] (in)
   2.89    3.39 ^ _22971_/X (sky130_fd_sc_hd__lpflow_isobufsrc_1)
   0.41    3.80 v _23734_/Y (sky130_fd_sc_hd__a221oi_1)
   0.25    4.05 ^ _23737_/Y (sky130_fd_sc_hd__a21oi_1)
   0.14    4.19 v _23739_/Y (sky130_fd_sc_hd__o221ai_1)
   0.24    4.43 ^ _23740_/Y (sky130_fd_sc_hd__a21oi_1)
   0.21    4.63 ^ _17948_/X (sky130_fd_sc_hd__and2_0)
   0.10    4.73 v _17955_/Y (sky130_fd_sc_hd__nor2_1)
   0.30    5.02 ^ _17957_/Y (sky130_fd_sc_hd__a211oi_1)
   0.14    5.16 v _18021_/Y (sky130_fd_sc_hd__o31ai_1)
   0.40    5.56 v _18024_/X (sky130_fd_sc_hd__maj3_1)
   0.40    5.95 v _18026_/X (sky130_fd_sc_hd__maj3_1)
   0.25    6.20 ^ _18029_/Y (sky130_fd_sc_hd__a21oi_1)
   0.16    6.36 ^ _18240_/Y (sky130_fd_sc_hd__xnor2_1)
   0.05    6.41 v _18241_/Y (sky130_fd_sc_hd__nor2_1)
   0.29    6.70 v _18246_/X (sky130_fd_sc_hd__a211o_1)
   0.00    6.70 v id_jump_target_o[8] (out)
           6.70   data arrival time

   5.00    5.00   clock clk (rise edge)
   0.00    5.00   clock network delay (ideal)
   0.00    5.00   clock reconvergence pessimism
  -0.50    4.50   output external delay
           4.50   data required time
---------------------------------------------------------
           4.50   data required time
          -6.70   data arrival time
---------------------------------------------------------
          -2.20   slack (VIOLATED)


Startpoint: instr_rdata_i[16] (input port clocked by clk)
Endpoint: id_jump_target_o[9] (output port clocked by clk)
Path Group: in2out
Path Type: max

  Delay    Time   Description
---------------------------------------------------------
   0.00    0.00   clock clk (rise edge)
   0.00    0.00   clock network delay (ideal)
   0.50    0.50 v input external delay
   0.00    0.50 v instr_rdata_i[16] (in)
   2.89    3.39 ^ _22971_/X (sky130_fd_sc_hd__lpflow_isobufsrc_1)
   0.41    3.80 v _23734_/Y (sky130_fd_sc_hd__a221oi_1)
   0.25    4.05 ^ _23737_/Y (sky130_fd_sc_hd__a21oi_1)
   0.14    4.19 v _23739_/Y (sky130_fd_sc_hd__o221ai_1)
   0.24    4.43 ^ _23740_/Y (sky130_fd_sc_hd__a21oi_1)
   0.21    4.63 ^ _17948_/X (sky130_fd_sc_hd__and2_0)
   0.10    4.73 v _17955_/Y (sky130_fd_sc_hd__nor2_1)
   0.30    5.02 ^ _17957_/Y (sky130_fd_sc_hd__a211oi_1)
   0.14    5.16 v _18021_/Y (sky130_fd_sc_hd__o31ai_1)
   0.40    5.56 v _18024_/X (sky130_fd_sc_hd__maj3_1)
   0.40    5.95 v _18026_/X (sky130_fd_sc_hd__maj3_1)
   0.25    6.20 ^ _18029_/Y (sky130_fd_sc_hd__a21oi_1)
   0.16    6.36 ^ _18030_/X (sky130_fd_sc_hd__o21a_1)
   0.07    6.43 v _18235_/Y (sky130_fd_sc_hd__xnor2_1)
   0.14    6.58 ^ _18239_/Y (sky130_fd_sc_hd__o21ai_0)
   0.00    6.58 ^ id_jump_target_o[9] (out)
           6.58   data arrival time

   5.00    5.00   clock clk (rise edge)
   0.00    5.00   clock network delay (ideal)
   0.00    5.00   clock reconvergence pessimism
  -0.50    4.50   output external delay
           4.50   data required time
---------------------------------------------------------
           4.50   data required time
          -6.58   data arrival time
---------------------------------------------------------
          -2.08   slack (VIOLATED)


Startpoint: instr_rdata_i[16] (input port clocked by clk)
Endpoint: id_jump_target_o[7] (output port clocked by clk)
Path Group: in2out
Path Type: max

  Delay    Time   Description
---------------------------------------------------------
   0.00    0.00   clock clk (rise edge)
   0.00    0.00   clock network delay (ideal)
   0.50    0.50 v input external delay
   0.00    0.50 v instr_rdata_i[16] (in)
   2.89    3.39 ^ _22971_/X (sky130_fd_sc_hd__lpflow_isobufsrc_1)
   0.41    3.80 v _23734_/Y (sky130_fd_sc_hd__a221oi_1)
   0.25    4.05 ^ _23737_/Y (sky130_fd_sc_hd__a21oi_1)
   0.14    4.19 v _23739_/Y (sky130_fd_sc_hd__o221ai_1)
   0.24    4.43 ^ _23740_/Y (sky130_fd_sc_hd__a21oi_1)
   0.21    4.63 ^ _17948_/X (sky130_fd_sc_hd__and2_0)
   0.10    4.73 v _17955_/Y (sky130_fd_sc_hd__nor2_1)
   0.30    5.02 ^ _17957_/Y (sky130_fd_sc_hd__a211oi_1)
   0.14    5.16 v _18021_/Y (sky130_fd_sc_hd__o31ai_1)
   0.40    5.56 v _18024_/X (sky130_fd_sc_hd__maj3_1)
   0.40    5.95 v _18026_/X (sky130_fd_sc_hd__maj3_1)
   0.15    6.10 v _18288_/Y (sky130_fd_sc_hd__xnor2_1)
   0.13    6.22 ^ _18289_/Y (sky130_fd_sc_hd__o22ai_1)
   0.00    6.22 ^ id_jump_target_o[7] (out)
           6.22   data arrival time

   5.00    5.00   clock clk (rise edge)
   0.00    5.00   clock network delay (ideal)
   0.00    5.00   clock reconvergence pessimism
  -0.50    4.50   output external delay
           4.50   data required time
---------------------------------------------------------
           4.50   data required time
          -6.22   data arrival time
---------------------------------------------------------
          -1.72   slack (VIOLATED)


Startpoint: instr_rdata_i[16] (input port clocked by clk)
Endpoint: id_jump_target_o[6] (output port clocked by clk)
Path Group: in2out
Path Type: max

  Delay    Time   Description
---------------------------------------------------------
   0.00    0.00   clock clk (rise edge)
   0.00    0.00   clock network delay (ideal)
   0.50    0.50 v input external delay
   0.00    0.50 v instr_rdata_i[16] (in)
   2.89    3.39 ^ _22971_/X (sky130_fd_sc_hd__lpflow_isobufsrc_1)
   0.41    3.80 v _23777_/Y (sky130_fd_sc_hd__a221oi_1)
   0.25    4.05 ^ _23778_/Y (sky130_fd_sc_hd__a21oi_1)
   0.10    4.15 v _23786_/Y (sky130_fd_sc_hd__o22ai_1)
   0.39    4.54 ^ _23787_/Y (sky130_fd_sc_hd__a211oi_1)
   0.13    4.67 v _17950_/Y (sky130_fd_sc_hd__nand2_1)
   0.34    5.01 ^ _17953_/Y (sky130_fd_sc_hd__o21ai_0)
   0.15    5.16 v _17957_/Y (sky130_fd_sc_hd__a211oi_1)
   0.32    5.48 ^ _18021_/Y (sky130_fd_sc_hd__o31ai_1)
   0.28    5.76 ^ _18024_/X (sky130_fd_sc_hd__maj3_1)
   0.08    5.85 v _18262_/Y (sky130_fd_sc_hd__xnor2_1)
   0.14    5.99 ^ _18265_/Y (sky130_fd_sc_hd__o22ai_1)
   0.00    5.99 ^ id_jump_target_o[6] (out)
           5.99   data arrival time

   5.00    5.00   clock clk (rise edge)
   0.00    5.00   clock network delay (ideal)
   0.00    5.00   clock reconvergence pessimism
  -0.50    4.50   output external delay
           4.50   data required time
---------------------------------------------------------
           4.50   data required time
          -5.99   data arrival time
---------------------------------------------------------
          -1.49   slack (VIOLATED)


Startpoint: instr_rdata_i[16] (input port clocked by clk)
Endpoint: id_jump_target_o[5] (output port clocked by clk)
Path Group: in2out
Path Type: max

  Delay    Time   Description
---------------------------------------------------------
   0.00    0.00   clock clk (rise edge)
   0.00    0.00   clock network delay (ideal)
   0.50    0.50 v input external delay
   0.00    0.50 v instr_rdata_i[16] (in)
   2.89    3.39 ^ _22971_/X (sky130_fd_sc_hd__lpflow_isobufsrc_1)
   0.41    3.80 v _23777_/Y (sky130_fd_sc_hd__a221oi_1)
   0.25    4.05 ^ _23778_/Y (sky130_fd_sc_hd__a21oi_1)
   0.10    4.15 v _23786_/Y (sky130_fd_sc_hd__o22ai_1)
   0.39    4.54 ^ _23787_/Y (sky130_fd_sc_hd__a211oi_1)
   0.13    4.67 v _17950_/Y (sky130_fd_sc_hd__nand2_1)
   0.34    5.01 ^ _17953_/Y (sky130_fd_sc_hd__o21ai_0)
   0.15    5.16 v _17957_/Y (sky130_fd_sc_hd__a211oi_1)
   0.32    5.48 ^ _18021_/Y (sky130_fd_sc_hd__o31ai_1)
   0.09    5.57 v _18023_/Y (sky130_fd_sc_hd__nand2b_1)
   0.21    5.79 v _18455_/X (sky130_fd_sc_hd__a31o_1)
   0.00    5.79 v id_jump_target_o[5] (out)
           5.79   data arrival time

   5.00    5.00   clock clk (rise edge)
   0.00    5.00   clock network delay (ideal)
   0.00    5.00   clock reconvergence pessimism
  -0.50    4.50   output external delay
           4.50   data required time
---------------------------------------------------------
           4.50   data required time
          -5.79   data arrival time
---------------------------------------------------------
          -1.29   slack (VIOLATED)


Startpoint: instr_rdata_i[16] (input port clocked by clk)
Endpoint: id_jump_target_o[4] (output port clocked by clk)
Path Group: in2out
Path Type: max

  Delay    Time   Description
---------------------------------------------------------
   0.00    0.00   clock clk (rise edge)
   0.00    0.00   clock network delay (ideal)
   0.50    0.50 v input external delay
   0.00    0.50 v instr_rdata_i[16] (in)
   2.89    3.39 ^ _22971_/X (sky130_fd_sc_hd__lpflow_isobufsrc_1)
   0.41    3.80 v _23777_/Y (sky130_fd_sc_hd__a221oi_1)
   0.25    4.05 ^ _23778_/Y (sky130_fd_sc_hd__a21oi_1)
   0.10    4.15 v _23786_/Y (sky130_fd_sc_hd__o22ai_1)
   0.39    4.54 ^ _23787_/Y (sky130_fd_sc_hd__a211oi_1)
   0.13    4.67 v _17950_/Y (sky130_fd_sc_hd__nand2_1)
   0.34    5.01 ^ _17953_/Y (sky130_fd_sc_hd__o21ai_0)
   0.15    5.16 v _17957_/Y (sky130_fd_sc_hd__a211oi_1)
   0.14    5.30 ^ _17958_/Y (sky130_fd_sc_hd__nor2_1)
   0.13    5.43 ^ _17959_/Y (sky130_fd_sc_hd__xnor2_1)
   0.08    5.51 v _17987_/Y (sky130_fd_sc_hd__mux2i_1)
   0.00    5.52 v id_jump_target_o[4] (out)
           5.52   data arrival time

   5.00    5.00   clock clk (rise edge)
   0.00    5.00   clock network delay (ideal)
   0.00    5.00   clock reconvergence pessimism
  -0.50    4.50   output external delay
           4.50   data required time
---------------------------------------------------------
           4.50   data required time
          -5.52   data arrival time
---------------------------------------------------------
          -1.02   slack (VIOLATED)


Startpoint: instr_rdata_i[16] (input port clocked by clk)
Endpoint: id_jump_target_o[3] (output port clocked by clk)
Path Group: in2out
Path Type: max

  Delay    Time   Description
---------------------------------------------------------
   0.00    0.00   clock clk (rise edge)
   0.00    0.00   clock network delay (ideal)
   0.50    0.50 v input external delay
   0.00    0.50 v instr_rdata_i[16] (in)
   2.89    3.39 ^ _22971_/X (sky130_fd_sc_hd__lpflow_isobufsrc_1)
   0.41    3.80 v _23777_/Y (sky130_fd_sc_hd__a221oi_1)
   0.25    4.05 ^ _23778_/Y (sky130_fd_sc_hd__a21oi_1)
   0.10    4.15 v _23786_/Y (sky130_fd_sc_hd__o22ai_1)
   0.39    4.54 ^ _23787_/Y (sky130_fd_sc_hd__a211oi_1)
   0.13    4.67 v _17950_/Y (sky130_fd_sc_hd__nand2_1)
   0.34    5.01 ^ _17953_/Y (sky130_fd_sc_hd__o21ai_0)
   0.13    5.14 v _17956_/Y (sky130_fd_sc_hd__a21oi_1)
   0.18    5.33 v _17989_/X (sky130_fd_sc_hd__xor2_1)
   0.17    5.50 ^ _17999_/Y (sky130_fd_sc_hd__o221ai_1)
   0.00    5.50 ^ id_jump_target_o[3] (out)
           5.50   data arrival time

   5.00    5.00   clock clk (rise edge)
   0.00    5.00   clock network delay (ideal)
   0.00    5.00   clock reconvergence pessimism
  -0.50    4.50   output external delay
           4.50   data required time
---------------------------------------------------------
           4.50   data required time
          -5.50   data arrival time
---------------------------------------------------------
          -1.00   slack (VIOLATED)


Startpoint: instr_rdata_i[16] (input port clocked by clk)
Endpoint: id_jump_target_o[2] (output port clocked by clk)
Path Group: in2out
Path Type: max

  Delay    Time   Description
---------------------------------------------------------
   0.00    0.00   clock clk (rise edge)
   0.00    0.00   clock network delay (ideal)
   0.50    0.50 v input external delay
   0.00    0.50 v instr_rdata_i[16] (in)
   2.89    3.39 ^ _22971_/X (sky130_fd_sc_hd__lpflow_isobufsrc_1)
   0.41    3.80 v _23777_/Y (sky130_fd_sc_hd__a221oi_1)
   0.25    4.05 ^ _23778_/Y (sky130_fd_sc_hd__a21oi_1)
   0.10    4.15 v _23786_/Y (sky130_fd_sc_hd__o22ai_1)
   0.39    4.54 ^ _23787_/Y (sky130_fd_sc_hd__a211oi_1)
   0.13    4.67 v _17950_/Y (sky130_fd_sc_hd__nand2_1)
   0.34    5.01 ^ _17953_/Y (sky130_fd_sc_hd__o21ai_0)
   0.12    5.13 v _18000_/Y (sky130_fd_sc_hd__xnor2_1)
   0.15    5.28 ^ _18004_/Y (sky130_fd_sc_hd__o21ai_0)
   0.00    5.28 ^ id_jump_target_o[2] (out)
           5.28   data arrival time

   5.00    5.00   clock clk (rise edge)
   0.00    5.00   clock network delay (ideal)
   0.00    5.00   clock reconvergence pessimism
  -0.50    4.50   output external delay
           4.50   data required time
---------------------------------------------------------
           4.50   data required time
          -5.28   data arrival time
---------------------------------------------------------
          -0.78   slack (VIOLATED)


Startpoint: instr_rdata_i[16] (input port clocked by clk)
Endpoint: id_jump_target_o[1] (output port clocked by clk)
Path Group: in2out
Path Type: max

  Delay    Time   Description
---------------------------------------------------------
   0.00    0.00   clock clk (rise edge)
   0.00    0.00   clock network delay (ideal)
   0.50    0.50 v input external delay
   0.00    0.50 v instr_rdata_i[16] (in)
   2.89    3.39 ^ _22971_/X (sky130_fd_sc_hd__lpflow_isobufsrc_1)
   0.41    3.80 v _23753_/Y (sky130_fd_sc_hd__a221oi_1)
   0.25    4.05 ^ _23754_/Y (sky130_fd_sc_hd__a21oi_1)
   0.10    4.15 v _23761_/Y (sky130_fd_sc_hd__o22ai_1)
   0.34    4.49 ^ _23763_/Y (sky130_fd_sc_hd__a211oi_1)
   0.10    4.59 v _17949_/Y (sky130_fd_sc_hd__nand2_1)
   0.15    4.75 v _17952_/X (sky130_fd_sc_hd__lpflow_isobufsrc_1)
   0.14    4.89 v _18005_/X (sky130_fd_sc_hd__xor2_1)
   0.17    5.06 ^ _18010_/Y (sky130_fd_sc_hd__o221ai_1)
   0.00    5.06 ^ id_jump_target_o[1] (out)
           5.06   data arrival time

   5.00    5.00   clock clk (rise edge)
   0.00    5.00   clock network delay (ideal)
   0.00    5.00   clock reconvergence pessimism
  -0.50    4.50   output external delay
           4.50   data required time
---------------------------------------------------------
           4.50   data required time
          -5.06   data arrival time
---------------------------------------------------------
          -0.56   slack (VIOLATED)


Startpoint: instr_rdata_i[16] (input port clocked by clk)
Endpoint: id_jump_target_o[0] (output port clocked by clk)
Path Group: in2out
Path Type: max

  Delay    Time   Description
---------------------------------------------------------
   0.00    0.00   clock clk (rise edge)
   0.00    0.00   clock network delay (ideal)
   0.50    0.50 v input external delay
   0.00    0.50 v instr_rdata_i[16] (in)
   2.89    3.39 ^ _22971_/X (sky130_fd_sc_hd__lpflow_isobufsrc_1)
   0.41    3.80 v _23777_/Y (sky130_fd_sc_hd__a221oi_1)
   0.25    4.05 ^ _23778_/Y (sky130_fd_sc_hd__a21oi_1)
   0.10    4.15 v _23786_/Y (sky130_fd_sc_hd__o22ai_1)
   0.39    4.54 ^ _23787_/Y (sky130_fd_sc_hd__a211oi_1)
   0.12    4.66 v _18011_/Y (sky130_fd_sc_hd__xnor2_1)
   0.15    4.81 ^ _18013_/Y (sky130_fd_sc_hd__o21ai_0)
   0.00    4.81 ^ id_jump_target_o[0] (out)
           4.81   data arrival time

   5.00    5.00   clock clk (rise edge)
   0.00    5.00   clock network delay (ideal)
   0.00    5.00   clock reconvergence pessimism
  -0.50    4.50   output external delay
           4.50   data required time
---------------------------------------------------------
           4.50   data required time
          -4.81   data arrival time
---------------------------------------------------------
          -0.31   slack (VIOLATED)


Startpoint: instr_rdata_i[1] (input port clocked by clk)
Endpoint: id_ready_o (output port clocked by clk)
Path Group: in2out
Path Type: max

  Delay    Time   Description
---------------------------------------------------------
   0.00    0.00   clock clk (rise edge)
   0.00    0.00   clock network delay (ideal)
   0.50    0.50 ^ input external delay
   0.00    0.50 ^ instr_rdata_i[1] (in)
   0.64    1.14 ^ _20947_/Y (sky130_fd_sc_hd__nor4bb_1)
   0.27    1.41 ^ _20948_/Y (sky130_fd_sc_hd__nor2b_1)
   0.17    1.58 v _20951_/Y (sky130_fd_sc_hd__nand2_1)
   0.21    1.78 ^ _20980_/Y (sky130_fd_sc_hd__nor2_1)
   0.14    1.92 v _20981_/Y (sky130_fd_sc_hd__clkinv_1)
   0.26    2.18 ^ _21191_/Y (sky130_fd_sc_hd__o2111ai_1)
   0.13    2.31 v _20118_/Y (sky130_fd_sc_hd__o21ai_0)
   0.13    2.44 ^ _20119_/Y (sky130_fd_sc_hd__a21oi_1)
   0.06    2.50 v _20120_/Y (sky130_fd_sc_hd__nand2_1)
   0.18    2.68 ^ _20121_/Y (sky130_fd_sc_hd__nor3_1)
   0.14    2.82 v _20869_/Y (sky130_fd_sc_hd__a222oi_1)
   0.29    3.10 ^ _20870_/Y (sky130_fd_sc_hd__nor3b_1)
   0.09    3.19 v _18458_/Y (sky130_fd_sc_hd__nor3_1)
   0.13    3.32 ^ _18459_/Y (sky130_fd_sc_hd__nand4b_1)
   0.16    3.48 v _18460_/Y (sky130_fd_sc_hd__clkinv_1)
   0.00    3.48 v id_ready_o (out)
           3.48   data arrival time

   5.00    5.00   clock clk (rise edge)
   0.00    5.00   clock network delay (ideal)
   0.00    5.00   clock reconvergence pessimism
  -0.50    4.50   output external delay
           4.50   data required time
---------------------------------------------------------
           4.50   data required time
          -3.48   data arrival time
---------------------------------------------------------
           1.02   slack (MET)


Startpoint: instr_rdata_i[1] (input port clocked by clk)
Endpoint: id_valid_o (output port clocked by clk)
Path Group: in2out
Path Type: max

  Delay    Time   Description
---------------------------------------------------------
   0.00    0.00   clock clk (rise edge)
   0.00    0.00   clock network delay (ideal)
   0.50    0.50 ^ input external delay
   0.00    0.50 ^ instr_rdata_i[1] (in)
   0.64    1.14 ^ _20947_/Y (sky130_fd_sc_hd__nor4bb_1)
   0.27    1.41 ^ _20948_/Y (sky130_fd_sc_hd__nor2b_1)
   0.17    1.58 v _20951_/Y (sky130_fd_sc_hd__nand2_1)
   0.21    1.78 ^ _20980_/Y (sky130_fd_sc_hd__nor2_1)
   0.14    1.92 v _20981_/Y (sky130_fd_sc_hd__clkinv_1)
   0.26    2.18 ^ _21191_/Y (sky130_fd_sc_hd__o2111ai_1)
   0.13    2.31 v _20118_/Y (sky130_fd_sc_hd__o21ai_0)
   0.13    2.44 ^ _20119_/Y (sky130_fd_sc_hd__a21oi_1)
   0.06    2.50 v _20120_/Y (sky130_fd_sc_hd__nand2_1)
   0.18    2.68 ^ _20121_/Y (sky130_fd_sc_hd__nor3_1)
   0.14    2.82 v _20869_/Y (sky130_fd_sc_hd__a222oi_1)
   0.29    3.10 ^ _20870_/Y (sky130_fd_sc_hd__nor3b_1)
   0.09    3.19 v _18458_/Y (sky130_fd_sc_hd__nor3_1)
   0.13    3.32 ^ _18459_/Y (sky130_fd_sc_hd__nand4b_1)
   0.14    3.47 v _18461_/Y (sky130_fd_sc_hd__nor2_1)
   0.00    3.47 v id_valid_o (out)
           3.47   data arrival time

   5.00    5.00   clock clk (rise edge)
   0.00    5.00   clock network delay (ideal)
   0.00    5.00   clock reconvergence pessimism
  -0.50    4.50   output external delay
           4.50   data required time
---------------------------------------------------------
           4.50   data required time
          -3.47   data arrival time
---------------------------------------------------------
           1.03   slack (MET)


Startpoint: csr_rdata_i[20] (input port clocked by clk)
Endpoint: regfile_alu_wdata_fw_o[20] (output port clocked by clk)
Path Group: in2out
Path Type: max

  Delay    Time   Description
---------------------------------------------------------
   0.00    0.00   clock clk (rise edge)
   0.00    0.00   clock network delay (ideal)
   0.50    0.50 ^ input external delay
   0.00    0.50 ^ csr_rdata_i[20] (in)
   0.03    0.53 v _13124_/Y (sky130_fd_sc_hd__nand2_1)
   0.95    1.49 ^ _13125_/Y (sky130_fd_sc_hd__o21ai_0)
   0.00    1.49 ^ regfile_alu_wdata_fw_o[20] (out)
           1.49   data arrival time

   5.00    5.00   clock clk (rise edge)
   0.00    5.00   clock network delay (ideal)
   0.00    5.00   clock reconvergence pessimism
  -0.50    4.50   output external delay
           4.50   data required time
---------------------------------------------------------
           4.50   data required time
          -1.49   data arrival time
---------------------------------------------------------
           3.01   slack (MET)


Startpoint: csr_rdata_i[24] (input port clocked by clk)
Endpoint: regfile_alu_wdata_fw_o[24] (output port clocked by clk)
Path Group: in2out
Path Type: max

  Delay    Time   Description
---------------------------------------------------------
   0.00    0.00   clock clk (rise edge)
   0.00    0.00   clock network delay (ideal)
   0.50    0.50 ^ input external delay
   0.00    0.50 ^ csr_rdata_i[24] (in)
   0.03    0.53 v _13112_/Y (sky130_fd_sc_hd__nand2_1)
   0.95    1.48 ^ _13113_/Y (sky130_fd_sc_hd__o21ai_0)
   0.00    1.48 ^ regfile_alu_wdata_fw_o[24] (out)
           1.48   data arrival time

   5.00    5.00   clock clk (rise edge)
   0.00    5.00   clock network delay (ideal)
   0.00    5.00   clock reconvergence pessimism
  -0.50    4.50   output external delay
           4.50   data required time
---------------------------------------------------------
           4.50   data required time
          -1.48   data arrival time
---------------------------------------------------------
           3.02   slack (MET)


Startpoint: csr_rdata_i[19] (input port clocked by clk)
Endpoint: regfile_alu_wdata_fw_o[19] (output port clocked by clk)
Path Group: in2out
Path Type: max

  Delay    Time   Description
---------------------------------------------------------
   0.00    0.00   clock clk (rise edge)
   0.00    0.00   clock network delay (ideal)
   0.50    0.50 ^ input external delay
   0.00    0.50 ^ csr_rdata_i[19] (in)
   0.03    0.53 v _13127_/Y (sky130_fd_sc_hd__nand2_1)
   0.95    1.48 ^ _13128_/Y (sky130_fd_sc_hd__o21ai_0)
   0.00    1.48 ^ regfile_alu_wdata_fw_o[19] (out)
           1.48   data arrival time

   5.00    5.00   clock clk (rise edge)
   0.00    5.00   clock network delay (ideal)
   0.00    5.00   clock reconvergence pessimism
  -0.50    4.50   output external delay
           4.50   data required time
---------------------------------------------------------
           4.50   data required time
          -1.48   data arrival time
---------------------------------------------------------
           3.02   slack (MET)


Startpoint: csr_rdata_i[27] (input port clocked by clk)
Endpoint: regfile_alu_wdata_fw_o[27] (output port clocked by clk)
Path Group: in2out
Path Type: max

  Delay    Time   Description
---------------------------------------------------------
   0.00    0.00   clock clk (rise edge)
   0.00    0.00   clock network delay (ideal)
   0.50    0.50 ^ input external delay
   0.00    0.50 ^ csr_rdata_i[27] (in)
   0.03    0.53 v _13103_/Y (sky130_fd_sc_hd__nand2_1)
   0.95    1.48 ^ _13104_/Y (sky130_fd_sc_hd__o21ai_0)
   0.00    1.48 ^ regfile_alu_wdata_fw_o[27] (out)
           1.48   data arrival time

   5.00    5.00   clock clk (rise edge)
   0.00    5.00   clock network delay (ideal)
   0.00    5.00   clock reconvergence pessimism
  -0.50    4.50   output external delay
           4.50   data required time
---------------------------------------------------------
           4.50   data required time
          -1.48   data arrival time
---------------------------------------------------------
           3.02   slack (MET)


Startpoint: csr_rdata_i[18] (input port clocked by clk)
Endpoint: regfile_alu_wdata_fw_o[18] (output port clocked by clk)
Path Group: in2out
Path Type: max

  Delay    Time   Description
---------------------------------------------------------
   0.00    0.00   clock clk (rise edge)
   0.00    0.00   clock network delay (ideal)
   0.50    0.50 ^ input external delay
   0.00    0.50 ^ csr_rdata_i[18] (in)
   0.03    0.53 v _13130_/Y (sky130_fd_sc_hd__nand2_1)
   0.95    1.48 ^ _13131_/Y (sky130_fd_sc_hd__o21ai_0)
   0.00    1.48 ^ regfile_alu_wdata_fw_o[18] (out)
           1.48   data arrival time

   5.00    5.00   clock clk (rise edge)
   0.00    5.00   clock network delay (ideal)
   0.00    5.00   clock reconvergence pessimism
  -0.50    4.50   output external delay
           4.50   data required time
---------------------------------------------------------
           4.50   data required time
          -1.48   data arrival time
---------------------------------------------------------
           3.02   slack (MET)


Startpoint: csr_rdata_i[17] (input port clocked by clk)
Endpoint: regfile_alu_wdata_fw_o[17] (output port clocked by clk)
Path Group: in2out
Path Type: max

  Delay    Time   Description
---------------------------------------------------------
   0.00    0.00   clock clk (rise edge)
   0.00    0.00   clock network delay (ideal)
   0.50    0.50 ^ input external delay
   0.00    0.50 ^ csr_rdata_i[17] (in)
   0.03    0.53 v _13133_/Y (sky130_fd_sc_hd__nand2_1)
   0.95    1.48 ^ _13134_/Y (sky130_fd_sc_hd__o21ai_0)
   0.00    1.48 ^ regfile_alu_wdata_fw_o[17] (out)
           1.48   data arrival time

   5.00    5.00   clock clk (rise edge)
   0.00    5.00   clock network delay (ideal)
   0.00    5.00   clock reconvergence pessimism
  -0.50    4.50   output external delay
           4.50   data required time
---------------------------------------------------------
           4.50   data required time
          -1.48   data arrival time
---------------------------------------------------------
           3.02   slack (MET)


Startpoint: csr_rdata_i[28] (input port clocked by clk)
Endpoint: regfile_alu_wdata_fw_o[28] (output port clocked by clk)
Path Group: in2out
Path Type: max

  Delay    Time   Description
---------------------------------------------------------
   0.00    0.00   clock clk (rise edge)
   0.00    0.00   clock network delay (ideal)
   0.50    0.50 ^ input external delay
   0.00    0.50 ^ csr_rdata_i[28] (in)
   0.03    0.53 v _13100_/Y (sky130_fd_sc_hd__nand2_1)
   0.95    1.48 ^ _13101_/Y (sky130_fd_sc_hd__o21ai_0)
   0.00    1.48 ^ regfile_alu_wdata_fw_o[28] (out)
           1.48   data arrival time

   5.00    5.00   clock clk (rise edge)
   0.00    5.00   clock network delay (ideal)
   0.00    5.00   clock reconvergence pessimism
  -0.50    4.50   output external delay
           4.50   data required time
---------------------------------------------------------
           4.50   data required time
          -1.48   data arrival time
---------------------------------------------------------
           3.02   slack (MET)


Startpoint: csr_rdata_i[26] (input port clocked by clk)
Endpoint: regfile_alu_wdata_fw_o[26] (output port clocked by clk)
Path Group: in2out
Path Type: max

  Delay    Time   Description
---------------------------------------------------------
   0.00    0.00   clock clk (rise edge)
   0.00    0.00   clock network delay (ideal)
   0.50    0.50 ^ input external delay
   0.00    0.50 ^ csr_rdata_i[26] (in)
   0.03    0.53 v _13106_/Y (sky130_fd_sc_hd__nand2_1)
   0.95    1.48 ^ _13107_/Y (sky130_fd_sc_hd__o21ai_0)
   0.00    1.48 ^ regfile_alu_wdata_fw_o[26] (out)
           1.48   data arrival time

   5.00    5.00   clock clk (rise edge)
   0.00    5.00   clock network delay (ideal)
   0.00    5.00   clock reconvergence pessimism
  -0.50    4.50   output external delay
           4.50   data required time
---------------------------------------------------------
           4.50   data required time
          -1.48   data arrival time
---------------------------------------------------------
           3.02   slack (MET)


Startpoint: csr_rdata_i[25] (input port clocked by clk)
Endpoint: regfile_alu_wdata_fw_o[25] (output port clocked by clk)
Path Group: in2out
Path Type: max

  Delay    Time   Description
---------------------------------------------------------
   0.00    0.00   clock clk (rise edge)
   0.00    0.00   clock network delay (ideal)
   0.50    0.50 ^ input external delay
   0.00    0.50 ^ csr_rdata_i[25] (in)
   0.03    0.53 v _13109_/Y (sky130_fd_sc_hd__nand2_1)
   0.95    1.48 ^ _13110_/Y (sky130_fd_sc_hd__o21ai_0)
   0.00    1.48 ^ regfile_alu_wdata_fw_o[25] (out)
           1.48   data arrival time

   5.00    5.00   clock clk (rise edge)
   0.00    5.00   clock network delay (ideal)
   0.00    5.00   clock reconvergence pessimism
  -0.50    4.50   output external delay
           4.50   data required time
---------------------------------------------------------
           4.50   data required time
          -1.48   data arrival time
---------------------------------------------------------
           3.02   slack (MET)


Startpoint: csr_rdata_i[29] (input port clocked by clk)
Endpoint: regfile_alu_wdata_fw_o[29] (output port clocked by clk)
Path Group: in2out
Path Type: max

  Delay    Time   Description
---------------------------------------------------------
   0.00    0.00   clock clk (rise edge)
   0.00    0.00   clock network delay (ideal)
   0.50    0.50 ^ input external delay
   0.00    0.50 ^ csr_rdata_i[29] (in)
   0.03    0.53 v _13097_/Y (sky130_fd_sc_hd__nand2_1)
   0.95    1.48 ^ _13098_/Y (sky130_fd_sc_hd__o21ai_0)
   0.00    1.48 ^ regfile_alu_wdata_fw_o[29] (out)
           1.48   data arrival time

   5.00    5.00   clock clk (rise edge)
   0.00    5.00   clock network delay (ideal)
   0.00    5.00   clock reconvergence pessimism
  -0.50    4.50   output external delay
           4.50   data required time
---------------------------------------------------------
           4.50   data required time
          -1.48   data arrival time
---------------------------------------------------------
           3.02   slack (MET)


Startpoint: csr_rdata_i[14] (input port clocked by clk)
Endpoint: regfile_alu_wdata_fw_o[14] (output port clocked by clk)
Path Group: in2out
Path Type: max

  Delay    Time   Description
---------------------------------------------------------
   0.00    0.00   clock clk (rise edge)
   0.00    0.00   clock network delay (ideal)
   0.50    0.50 ^ input external delay
   0.00    0.50 ^ csr_rdata_i[14] (in)
   0.03    0.53 v _13142_/Y (sky130_fd_sc_hd__nand2_1)
   0.95    1.48 ^ _13143_/Y (sky130_fd_sc_hd__o21ai_0)
   0.00    1.48 ^ regfile_alu_wdata_fw_o[14] (out)
           1.48   data arrival time

   5.00    5.00   clock clk (rise edge)
   0.00    5.00   clock network delay (ideal)
   0.00    5.00   clock reconvergence pessimism
  -0.50    4.50   output external delay
           4.50   data required time
---------------------------------------------------------
           4.50   data required time
          -1.48   data arrival time
---------------------------------------------------------
           3.02   slack (MET)


Startpoint: csr_rdata_i[22] (input port clocked by clk)
Endpoint: regfile_alu_wdata_fw_o[22] (output port clocked by clk)
Path Group: in2out
Path Type: max

  Delay    Time   Description
---------------------------------------------------------
   0.00    0.00   clock clk (rise edge)
   0.00    0.00   clock network delay (ideal)
   0.50    0.50 ^ input external delay
   0.00    0.50 ^ csr_rdata_i[22] (in)
   0.03    0.53 v _13118_/Y (sky130_fd_sc_hd__nand2_1)
   0.95    1.48 ^ _13119_/Y (sky130_fd_sc_hd__o21ai_0)
   0.00    1.48 ^ regfile_alu_wdata_fw_o[22] (out)
           1.48   data arrival time

   5.00    5.00   clock clk (rise edge)
   0.00    5.00   clock network delay (ideal)
   0.00    5.00   clock reconvergence pessimism
  -0.50    4.50   output external delay
           4.50   data required time
---------------------------------------------------------
           4.50   data required time
          -1.48   data arrival time
---------------------------------------------------------
           3.02   slack (MET)


Startpoint: csr_rdata_i[21] (input port clocked by clk)
Endpoint: regfile_alu_wdata_fw_o[21] (output port clocked by clk)
Path Group: in2out
Path Type: max

  Delay    Time   Description
---------------------------------------------------------
   0.00    0.00   clock clk (rise edge)
   0.00    0.00   clock network delay (ideal)
   0.50    0.50 ^ input external delay
   0.00    0.50 ^ csr_rdata_i[21] (in)
   0.03    0.53 v _13121_/Y (sky130_fd_sc_hd__nand2_1)
   0.95    1.48 ^ _13122_/Y (sky130_fd_sc_hd__o21ai_0)
   0.00    1.48 ^ regfile_alu_wdata_fw_o[21] (out)
           1.48   data arrival time

   5.00    5.00   clock clk (rise edge)
   0.00    5.00   clock network delay (ideal)
   0.00    5.00   clock reconvergence pessimism
  -0.50    4.50   output external delay
           4.50   data required time
---------------------------------------------------------
           4.50   data required time
          -1.48   data arrival time
---------------------------------------------------------
           3.02   slack (MET)


Startpoint: csr_rdata_i[15] (input port clocked by clk)
Endpoint: regfile_alu_wdata_fw_o[15] (output port clocked by clk)
Path Group: in2out
Path Type: max

  Delay    Time   Description
---------------------------------------------------------
   0.00    0.00   clock clk (rise edge)
   0.00    0.00   clock network delay (ideal)
   0.50    0.50 ^ input external delay
   0.00    0.50 ^ csr_rdata_i[15] (in)
   0.03    0.53 v _13139_/Y (sky130_fd_sc_hd__nand2_1)
   0.95    1.48 ^ _13140_/Y (sky130_fd_sc_hd__o21ai_0)
   0.00    1.48 ^ regfile_alu_wdata_fw_o[15] (out)
           1.48   data arrival time

   5.00    5.00   clock clk (rise edge)
   0.00    5.00   clock network delay (ideal)
   0.00    5.00   clock reconvergence pessimism
  -0.50    4.50   output external delay
           4.50   data required time
---------------------------------------------------------
           4.50   data required time
          -1.48   data arrival time
---------------------------------------------------------
           3.02   slack (MET)


Startpoint: csr_rdata_i[16] (input port clocked by clk)
Endpoint: regfile_alu_wdata_fw_o[16] (output port clocked by clk)
Path Group: in2out
Path Type: max

  Delay    Time   Description
---------------------------------------------------------
   0.00    0.00   clock clk (rise edge)
   0.00    0.00   clock network delay (ideal)
   0.50    0.50 ^ input external delay
   0.00    0.50 ^ csr_rdata_i[16] (in)
   0.03    0.53 v _13136_/Y (sky130_fd_sc_hd__nand2_1)
   0.95    1.48 ^ _13137_/Y (sky130_fd_sc_hd__o21ai_0)
   0.00    1.48 ^ regfile_alu_wdata_fw_o[16] (out)
           1.48   data arrival time

   5.00    5.00   clock clk (rise edge)
   0.00    5.00   clock network delay (ideal)
   0.00    5.00   clock reconvergence pessimism
  -0.50    4.50   output external delay
           4.50   data required time
---------------------------------------------------------
           4.50   data required time
          -1.48   data arrival time
---------------------------------------------------------
           3.02   slack (MET)


Startpoint: csr_rdata_i[23] (input port clocked by clk)
Endpoint: regfile_alu_wdata_fw_o[23] (output port clocked by clk)
Path Group: in2out
Path Type: max

  Delay    Time   Description
---------------------------------------------------------
   0.00    0.00   clock clk (rise edge)
   0.00    0.00   clock network delay (ideal)
   0.50    0.50 ^ input external delay
   0.00    0.50 ^ csr_rdata_i[23] (in)
   0.03    0.53 v _13115_/Y (sky130_fd_sc_hd__nand2_1)
   0.95    1.48 ^ _13116_/Y (sky130_fd_sc_hd__o21ai_0)
   0.00    1.48 ^ regfile_alu_wdata_fw_o[23] (out)
           1.48   data arrival time

   5.00    5.00   clock clk (rise edge)
   0.00    5.00   clock network delay (ideal)
   0.00    5.00   clock reconvergence pessimism
  -0.50    4.50   output external delay
           4.50   data required time
---------------------------------------------------------
           4.50   data required time
          -1.48   data arrival time
---------------------------------------------------------
           3.02   slack (MET)


