Start Point,End Point,WNS (ns)
instr_rdata_i[16],id_jump_target_o[31],-4.6949
instr_rdata_i[16],id_jump_target_o[30],-4.5408
instr_rdata_i[16],id_jump_target_o[28],-4.0154
instr_rdata_i[16],id_jump_target_o[29],-3.9415
instr_rdata_i[16],id_jump_target_o[23],-3.9342
instr_rdata_i[16],id_jump_target_o[27],-3.8752
instr_rdata_i[16],id_jump_target_o[22],-3.8701
instr_rdata_i[16],id_jump_target_o[25],-3.8701
instr_rdata_i[16],id_jump_target_o[19],-3.7439
instr_rdata_i[16],id_jump_target_o[26],-3.7395
instr_rdata_i[16],id_jump_target_o[24],-3.6661
instr_rdata_i[16],id_jump_target_o[21],-3.6098
instr_rdata_i[16],id_jump_target_o[18],-3.5907
instr_rdata_i[16],id_jump_target_o[20],-3.5065
instr_rdata_i[16],id_jump_target_o[17],-3.2746
instr_rdata_i[16],id_jump_target_o[16],-3.0281
instr_rdata_i[16],id_jump_target_o[15],-3.0273
instr_rdata_i[16],id_jump_target_o[13],-2.7635
instr_rdata_i[16],id_jump_target_o[14],-2.7290
instr_rdata_i[16],id_jump_target_o[12],-2.6040
instr_rdata_i[16],id_jump_target_o[11],-2.4453
instr_rdata_i[16],id_jump_target_o[10],-2.4150
instr_rdata_i[16],id_jump_target_o[8],-2.1985
instr_rdata_i[16],id_jump_target_o[9],-2.0753
instr_rdata_i[16],id_jump_target_o[7],-1.7245
instr_rdata_i[16],id_jump_target_o[6],-1.4906
instr_rdata_i[16],id_jump_target_o[5],-1.2855
instr_rdata_i[16],id_jump_target_o[4],-1.0151
instr_rdata_i[16],id_jump_target_o[3],-0.9987
instr_rdata_i[16],id_jump_target_o[2],-0.7787
instr_rdata_i[16],id_jump_target_o[1],-0.5641
instr_rdata_i[16],id_jump_target_o[0],-0.3128
instr_rdata_i[1],id_ready_o,1.0161
instr_rdata_i[1],id_valid_o,1.0341
csr_rdata_i[20],regfile_alu_wdata_fw_o[20],3.0140
csr_rdata_i[24],regfile_alu_wdata_fw_o[24],3.0157
csr_rdata_i[19],regfile_alu_wdata_fw_o[19],3.0164
csr_rdata_i[27],regfile_alu_wdata_fw_o[27],3.0164
csr_rdata_i[18],regfile_alu_wdata_fw_o[18],3.0166
csr_rdata_i[17],regfile_alu_wdata_fw_o[17],3.0167
csr_rdata_i[28],regfile_alu_wdata_fw_o[28],3.0175
csr_rdata_i[26],regfile_alu_wdata_fw_o[26],3.0176
csr_rdata_i[25],regfile_alu_wdata_fw_o[25],3.0176
csr_rdata_i[29],regfile_alu_wdata_fw_o[29],3.0176
csr_rdata_i[14],regfile_alu_wdata_fw_o[14],3.0176
csr_rdata_i[22],regfile_alu_wdata_fw_o[22],3.0179
csr_rdata_i[21],regfile_alu_wdata_fw_o[21],3.0182
csr_rdata_i[15],regfile_alu_wdata_fw_o[15],3.0185
csr_rdata_i[16],regfile_alu_wdata_fw_o[16],3.0191
csr_rdata_i[23],regfile_alu_wdata_fw_o[23],3.0200
