Start Point,End Point,WNS (ns)
_9306_/Q,regfile_alu_wdata_fw_o[30],-1.8351
_9306_/Q,regfile_alu_wdata_fw_o[31],-1.8146
_9306_/Q,regfile_alu_wdata_fw_o[29],-1.4761
_9306_/Q,regfile_alu_wdata_fw_o[28],-1.4409
_9306_/Q,regfile_alu_wdata_fw_o[26],-1.4287
_9306_/Q,regfile_alu_wdata_fw_o[27],-1.2960
_9306_/Q,regfile_alu_wdata_fw_o[25],-1.0144
_9306_/Q,regfile_alu_wdata_fw_o[24],-0.7273
_9306_/Q,regfile_alu_wdata_fw_o[23],-0.6013
_9306_/Q,regfile_alu_wdata_fw_o[21],-0.5885
_9306_/Q,regfile_alu_wdata_fw_o[19],-0.5736
_9306_/Q,regfile_alu_wdata_fw_o[22],-0.5129
_9306_/Q,regfile_alu_wdata_fw_o[20],-0.4632
_9306_/Q,regfile_alu_wdata_fw_o[18],-0.2666
_9306_/Q,regfile_alu_wdata_fw_o[17],-0.0628
_9306_/Q,regfile_alu_wdata_fw_o[16],0.0607
_9306_/Q,regfile_alu_wdata_fw_o[14],0.1260
_9306_/Q,regfile_alu_wdata_fw_o[15],0.1810
_9306_/Q,regfile_alu_wdata_fw_o[13],0.2541
_9306_/Q,regfile_alu_wdata_fw_o[12],0.2941
_9306_/Q,regfile_alu_wdata_fw_o[8],0.4754
_9306_/Q,regfile_alu_wdata_fw_o[11],0.5827
_9306_/Q,regfile_alu_wdata_fw_o[7],0.6392
_9306_/Q,regfile_alu_wdata_fw_o[10],0.6803
_9306_/Q,regfile_alu_wdata_fw_o[9],0.7623
_9306_/Q,regfile_alu_wdata_fw_o[5],0.9845
_9306_/Q,regfile_alu_wdata_fw_o[4],0.9972
_9306_/Q,regfile_alu_wdata_fw_o[3],1.0177
_9306_/Q,regfile_alu_wdata_fw_o[6],1.2263
_9306_/Q,regfile_alu_wdata_fw_o[2],1.2750
_9306_/Q,regfile_alu_wdata_fw_o[0],1.2938
_9306_/Q,regfile_alu_wdata_fw_o[1],1.3417
_9304_/Q,regfile_alu_we_fw_power_o,3.7435
_9304_/Q,alu_ready_o,3.8820
