Start Point,End Point,WNS (ns)
instr_rdata_i[16],id_jump_target_o[31],-4.8178
instr_rdata_i[16],id_jump_target_o[30],-4.6783
instr_rdata_i[16],id_jump_target_o[28],-4.1518
instr_rdata_i[16],id_jump_target_o[29],-4.0785
instr_rdata_i[16],id_jump_target_o[23],-4.0718
instr_rdata_i[16],id_jump_target_o[27],-4.0126
instr_rdata_i[16],id_jump_target_o[25],-4.0080
instr_rdata_i[16],id_jump_target_o[22],-3.9941
instr_rdata_i[16],id_jump_target_o[26],-3.8770
instr_rdata_i[16],id_jump_target_o[19],-3.8747
instr_rdata_i[16],id_jump_target_o[24],-3.8026
instr_rdata_i[16],id_jump_target_o[21],-3.7473
instr_rdata_i[16],id_jump_target_o[18],-3.7153
instr_rdata_i[16],id_jump_target_o[20],-3.6440
instr_rdata_i[16],id_jump_target_o[17],-3.4074
instr_rdata_i[16],id_jump_target_o[15],-3.2896
instr_rdata_i[16],id_jump_target_o[16],-3.1608
instr_rdata_i[16],id_jump_target_o[14],-2.9208
instr_rdata_i[16],id_jump_target_o[13],-2.9037
instr_rdata_i[16],id_jump_target_o[12],-2.7511
instr_rdata_i[16],id_jump_target_o[10],-2.6774
instr_rdata_i[16],id_jump_target_o[11],-2.5828
instr_rdata_i[16],id_jump_target_o[8],-2.4483
instr_rdata_i[16],id_jump_target_o[9],-2.3377
instr_rdata_i[16],id_jump_target_o[7],-1.9869
instr_rdata_i[16],id_jump_target_o[6],-1.6286
instr_rdata_i[16],id_jump_target_o[5],-1.4233
instr_rdata_i[16],id_jump_target_o[4],-1.1529
instr_rdata_i[16],id_jump_target_o[3],-1.1364
instr_rdata_i[16],id_jump_target_o[2],-0.9165
instr_rdata_i[16],id_jump_target_o[1],-0.7587
instr_rdata_i[16],id_jump_target_o[0],-0.4505
instr_rdata_i[5],id_ready_o,0.7684
instr_rdata_i[5],id_valid_o,0.7864
csr_rdata_i[21],regfile_alu_wdata_fw_o[21],3.0154
csr_rdata_i[15],regfile_alu_wdata_fw_o[15],3.0164
csr_rdata_i[26],regfile_alu_wdata_fw_o[26],3.0164
csr_rdata_i[27],regfile_alu_wdata_fw_o[27],3.0164
csr_rdata_i[25],regfile_alu_wdata_fw_o[25],3.0172
csr_rdata_i[16],regfile_alu_wdata_fw_o[16],3.0172
csr_rdata_i[19],regfile_alu_wdata_fw_o[19],3.0172
csr_rdata_i[28],regfile_alu_wdata_fw_o[28],3.0175
csr_rdata_i[24],regfile_alu_wdata_fw_o[24],3.0181
csr_rdata_i[17],regfile_alu_wdata_fw_o[17],3.0181
csr_rdata_i[20],regfile_alu_wdata_fw_o[20],3.0181
csr_rdata_i[29],regfile_alu_wdata_fw_o[29],3.0181
csr_rdata_i[23],regfile_alu_wdata_fw_o[23],3.0190
csr_rdata_i[18],regfile_alu_wdata_fw_o[18],3.0190
csr_rdata_i[22],regfile_alu_wdata_fw_o[22],3.0190
csr_rdata_i[14],regfile_alu_wdata_fw_o[14],3.0190
