Start Point,End Point,WNS (ns)
_9336_/Q,regfile_alu_wdata_fw_o[31],-2.4968
_9336_/Q,regfile_alu_wdata_fw_o[30],-2.2470
_9336_/Q,regfile_alu_wdata_fw_o[29],-2.1049
_9336_/Q,regfile_alu_wdata_fw_o[27],-1.9258
_9336_/Q,regfile_alu_wdata_fw_o[28],-1.8932
_9336_/Q,regfile_alu_wdata_fw_o[26],-1.6436
_9336_/Q,regfile_alu_wdata_fw_o[25],-1.5025
_9336_/Q,regfile_alu_wdata_fw_o[23],-1.4052
_9336_/Q,regfile_alu_wdata_fw_o[24],-1.2591
_9336_/Q,regfile_alu_wdata_fw_o[21],-1.1050
_9336_/Q,regfile_alu_wdata_fw_o[20],-0.9041
_9336_/Q,regfile_alu_wdata_fw_o[19],-0.7895
_9336_/Q,regfile_alu_wdata_fw_o[22],-0.7136
_9336_/Q,regfile_alu_wdata_fw_o[18],-0.4715
_9336_/Q,regfile_alu_wdata_fw_o[17],-0.4491
_9336_/Q,regfile_alu_wdata_fw_o[16],-0.3877
_9336_/Q,regfile_alu_wdata_fw_o[15],0.0270
_9336_/Q,regfile_alu_wdata_fw_o[14],0.0316
_9336_/Q,regfile_alu_wdata_fw_o[13],0.0974
_9336_/Q,regfile_alu_wdata_fw_o[12],0.2608
_9336_/Q,regfile_alu_wdata_fw_o[11],0.2663
_9336_/Q,regfile_alu_wdata_fw_o[10],0.4669
_9336_/Q,regfile_alu_wdata_fw_o[5],0.6450
_9336_/Q,regfile_alu_wdata_fw_o[9],0.7617
_9336_/Q,regfile_alu_wdata_fw_o[6],0.7622
_9336_/Q,regfile_alu_wdata_fw_o[3],0.8599
_9336_/Q,regfile_alu_wdata_fw_o[8],0.9002
_9336_/Q,regfile_alu_wdata_fw_o[2],0.9961
_9336_/Q,regfile_alu_wdata_fw_o[7],1.0495
_9336_/Q,regfile_alu_wdata_fw_o[4],1.0750
_9336_/Q,regfile_alu_wdata_fw_o[1],1.4459
_9336_/Q,regfile_alu_wdata_fw_o[0],1.5800
_9334_/Q,regfile_alu_we_fw_power_o,3.7450
_9334_/Q,alu_ready_o,3.8830
