Start Point,End Point,WNS (ns)
alu_operator_i[4],regfile_alu_wdata_fw_o[31],-14.8633
alu_operator_i[4],regfile_alu_wdata_fw_o[12],-14.8450
alu_operator_i[4],regfile_alu_wdata_fw_o[30],-14.8308
alu_operator_i[4],regfile_alu_wdata_fw_o[11],-14.8264
alu_operator_i[4],regfile_alu_wdata_fw_o[14],-14.8264
alu_operator_i[4],regfile_alu_wdata_fw_o[22],-14.8242
alu_operator_i[4],regfile_alu_wdata_fw_o[23],-14.8172
alu_operator_i[4],regfile_alu_wdata_fw_o[26],-14.8172
alu_operator_i[4],regfile_alu_wdata_fw_o[29],-14.7790
alu_operator_i[4],regfile_alu_wdata_fw_o[2],-14.7790
alu_operator_i[4],regfile_alu_wdata_fw_o[6],-14.7790
alu_operator_i[4],regfile_alu_wdata_fw_o[5],-14.7712
alu_operator_i[4],regfile_alu_wdata_fw_o[27],-14.7289
alu_operator_i[4],regfile_alu_wdata_fw_o[15],-14.6485
alu_operator_i[4],regfile_alu_wdata_fw_o[16],-14.6485
alu_operator_i[4],regfile_alu_wdata_fw_o[17],-14.6485
alu_operator_i[4],regfile_alu_wdata_fw_o[18],-14.6485
alu_operator_i[4],regfile_alu_wdata_fw_o[20],-14.6485
alu_operator_i[4],regfile_alu_wdata_fw_o[21],-14.6485
alu_operator_i[4],regfile_alu_wdata_fw_o[9],-14.6485
alu_operator_i[4],regfile_alu_wdata_fw_o[10],-14.6045
alu_operator_i[4],regfile_alu_wdata_fw_o[3],-14.5909
alu_operator_i[4],regfile_alu_wdata_fw_o[25],-14.5816
alu_operator_i[4],regfile_alu_wdata_fw_o[24],-14.5474
alu_operator_i[4],regfile_alu_wdata_fw_o[13],-14.5359
alu_operator_i[4],regfile_alu_wdata_fw_o[19],-14.5359
alu_operator_i[4],regfile_alu_wdata_fw_o[28],-14.5359
alu_operator_i[4],regfile_alu_wdata_fw_o[8],-14.5359
alu_operator_i[4],regfile_alu_wdata_fw_o[0],-14.4848
alu_operator_i[4],regfile_alu_wdata_fw_o[1],-14.4777
alu_operator_i[4],regfile_alu_wdata_fw_o[7],-14.4777
alu_operator_i[4],regfile_alu_wdata_fw_o[4],-14.4766
alu_operator_i[6],branch_decision_o,0.8657
alu_operator_i[6],regfile_alu_we_fw_power_o,1.2364
alu_operator_i[6],alu_ready_o,1.3748
regfile_alu_waddr_i[0],regfile_alu_waddr_fw_o[0],3.9994
regfile_alu_waddr_i[1],regfile_alu_waddr_fw_o[1],3.9994
regfile_alu_waddr_i[2],regfile_alu_waddr_fw_o[2],3.9994
regfile_alu_waddr_i[3],regfile_alu_waddr_fw_o[3],3.9994
regfile_alu_waddr_i[4],regfile_alu_waddr_fw_o[4],3.9994
regfile_alu_waddr_i[5],regfile_alu_waddr_fw_o[5],3.9994
alu_operand_c_i[0],jump_target_o[0],3.9997
alu_operand_c_i[10],jump_target_o[10],3.9997
alu_operand_c_i[11],jump_target_o[11],3.9997
alu_operand_c_i[12],jump_target_o[12],3.9997
alu_operand_c_i[13],jump_target_o[13],3.9997
alu_operand_c_i[14],jump_target_o[14],3.9997
alu_operand_c_i[15],jump_target_o[15],3.9997
alu_operand_c_i[16],jump_target_o[16],3.9997
alu_operand_c_i[17],jump_target_o[17],3.9997
