Start Point,End Point,WNS (ns)
_9194_/Q,regfile_alu_wdata_fw_o[31],-2.1748
_9194_/Q,regfile_alu_wdata_fw_o[30],-2.1476
_9194_/Q,regfile_alu_wdata_fw_o[29],-1.8578
_9194_/Q,regfile_alu_wdata_fw_o[28],-1.7572
_9194_/Q,regfile_alu_wdata_fw_o[27],-1.5442
_9194_/Q,regfile_alu_wdata_fw_o[26],-1.4941
_9194_/Q,regfile_alu_wdata_fw_o[25],-1.1993
_9194_/Q,regfile_alu_wdata_fw_o[24],-0.9734
_9194_/Q,regfile_alu_wdata_fw_o[23],-0.8698
_9194_/Q,regfile_alu_wdata_fw_o[22],-0.6640
_9194_/Q,regfile_alu_wdata_fw_o[19],-0.4462
_9194_/Q,regfile_alu_wdata_fw_o[20],-0.3941
_9194_/Q,regfile_alu_wdata_fw_o[21],-0.3716
_9194_/Q,regfile_alu_wdata_fw_o[18],-0.2076
_9194_/Q,regfile_alu_wdata_fw_o[16],-0.1540
_9194_/Q,regfile_alu_wdata_fw_o[13],0.3016
_9194_/Q,regfile_alu_wdata_fw_o[17],0.3723
_9194_/Q,regfile_alu_wdata_fw_o[15],0.5110
_9194_/Q,regfile_alu_wdata_fw_o[11],0.5266
_9194_/Q,regfile_alu_wdata_fw_o[12],0.6308
_9194_/Q,regfile_alu_wdata_fw_o[14],0.7054
_9194_/Q,regfile_alu_wdata_fw_o[9],0.7993
_9194_/Q,regfile_alu_wdata_fw_o[1],0.8879
_9194_/Q,regfile_alu_wdata_fw_o[8],0.9315
_9194_/Q,regfile_alu_wdata_fw_o[10],0.9469
_9194_/Q,regfile_alu_wdata_fw_o[5],1.0127
_9194_/Q,regfile_alu_wdata_fw_o[7],1.1042
_9194_/Q,regfile_alu_wdata_fw_o[3],1.2061
_9194_/Q,regfile_alu_wdata_fw_o[4],1.3189
_9194_/Q,regfile_alu_wdata_fw_o[6],1.3396
_9194_/Q,regfile_alu_wdata_fw_o[2],1.5519
_9194_/Q,regfile_alu_wdata_fw_o[0],1.7101
_9192_/Q,regfile_alu_we_fw_power_o,3.7438
_9192_/Q,alu_ready_o,3.8822
